<?xml version="1.0" encoding="ISO-8859-1" ?>
<link_info>
   <banner>MSP430 Linker PC v21.6.0.LTS</banner>
   <copyright>Copyright (c) 2003-2018 Texas Instruments Incorporated</copyright>
   <link_time>0x6247ac5e</link_time>
   <link_errors>0x0</link_errors>
   <output_file>Capuchin-MCU.out</output_file>
   <entry_point>
      <name>_c_int00_noargs</name>
      <address>0xe400</address>
   </entry_point>
   <input_file_list>
      <input_file id="fl-2">
         <path>.\</path>
         <kind>object</kind>
         <file>init.obj</file>
         <name>init.obj</name>
      </input_file>
      <input_file id="fl-3">
         <path>.\</path>
         <kind>object</kind>
         <file>main.obj</file>
         <name>main.obj</name>
      </input_file>
      <input_file id="fl-4">
         <path>.\DSPLib\source\filter\</path>
         <kind>object</kind>
         <file>msp_biquad_cascade_df1_q15.obj</file>
         <name>msp_biquad_cascade_df1_q15.obj</name>
      </input_file>
      <input_file id="fl-5">
         <path>.\DSPLib\source\filter\</path>
         <kind>object</kind>
         <file>msp_biquad_cascade_df2_ext_q15.obj</file>
         <name>msp_biquad_cascade_df2_ext_q15.obj</name>
      </input_file>
      <input_file id="fl-6">
         <path>.\DSPLib\source\filter\</path>
         <kind>object</kind>
         <file>msp_biquad_cascade_df2_q15.obj</file>
         <name>msp_biquad_cascade_df2_q15.obj</name>
      </input_file>
      <input_file id="fl-7">
         <path>.\DSPLib\source\filter\</path>
         <kind>object</kind>
         <file>msp_biquad_df1_q15.obj</file>
         <name>msp_biquad_df1_q15.obj</name>
      </input_file>
      <input_file id="fl-8">
         <path>.\DSPLib\source\filter\</path>
         <kind>object</kind>
         <file>msp_biquad_df2_ext_q15.obj</file>
         <name>msp_biquad_df2_ext_q15.obj</name>
      </input_file>
      <input_file id="fl-9">
         <path>.\DSPLib\source\filter\</path>
         <kind>object</kind>
         <file>msp_biquad_df2_q15.obj</file>
         <name>msp_biquad_df2_q15.obj</name>
      </input_file>
      <input_file id="fl-a">
         <path>.\DSPLib\source\filter\</path>
         <kind>object</kind>
         <file>msp_cmplx_fir_iq31.obj</file>
         <name>msp_cmplx_fir_iq31.obj</name>
      </input_file>
      <input_file id="fl-b">
         <path>.\DSPLib\source\filter\</path>
         <kind>object</kind>
         <file>msp_cmplx_fir_q15.obj</file>
         <name>msp_cmplx_fir_q15.obj</name>
      </input_file>
      <input_file id="fl-c">
         <path>.\DSPLib\source\filter\</path>
         <kind>object</kind>
         <file>msp_fir_iq31.obj</file>
         <name>msp_fir_iq31.obj</name>
      </input_file>
      <input_file id="fl-d">
         <path>.\DSPLib\source\filter\</path>
         <kind>object</kind>
         <file>msp_fir_q15.obj</file>
         <name>msp_fir_q15.obj</name>
      </input_file>
      <input_file id="fl-e">
         <path>.\DSPLib\source\lea\</path>
         <kind>object</kind>
         <file>msp_lea_flags.obj</file>
         <name>msp_lea_flags.obj</name>
      </input_file>
      <input_file id="fl-f">
         <path>.\DSPLib\source\lea\</path>
         <kind>object</kind>
         <file>msp_lea_init.obj</file>
         <name>msp_lea_init.obj</name>
      </input_file>
      <input_file id="fl-10">
         <path>.\DSPLib\source\lea\</path>
         <kind>object</kind>
         <file>msp_lea_isr.obj</file>
         <name>msp_lea_isr.obj</name>
      </input_file>
      <input_file id="fl-11">
         <path>.\DSPLib\source\lea\</path>
         <kind>object</kind>
         <file>msp_lea_patch.obj</file>
         <name>msp_lea_patch.obj</name>
      </input_file>
      <input_file id="fl-12">
         <path>.\DSPLib\source\matrix\</path>
         <kind>object</kind>
         <file>msp_matrix_abs_iq31.obj</file>
         <name>msp_matrix_abs_iq31.obj</name>
      </input_file>
      <input_file id="fl-13">
         <path>.\DSPLib\source\matrix\</path>
         <kind>object</kind>
         <file>msp_matrix_abs_q15.obj</file>
         <name>msp_matrix_abs_q15.obj</name>
      </input_file>
      <input_file id="fl-14">
         <path>.\DSPLib\source\matrix\</path>
         <kind>object</kind>
         <file>msp_matrix_add_iq31.obj</file>
         <name>msp_matrix_add_iq31.obj</name>
      </input_file>
      <input_file id="fl-15">
         <path>.\DSPLib\source\matrix\</path>
         <kind>object</kind>
         <file>msp_matrix_add_q15.obj</file>
         <name>msp_matrix_add_q15.obj</name>
      </input_file>
      <input_file id="fl-16">
         <path>.\DSPLib\source\matrix\</path>
         <kind>object</kind>
         <file>msp_matrix_mpy_iq31.obj</file>
         <name>msp_matrix_mpy_iq31.obj</name>
      </input_file>
      <input_file id="fl-17">
         <path>.\DSPLib\source\matrix\</path>
         <kind>object</kind>
         <file>msp_matrix_mpy_q15.obj</file>
         <name>msp_matrix_mpy_q15.obj</name>
      </input_file>
      <input_file id="fl-18">
         <path>.\DSPLib\source\matrix\</path>
         <kind>object</kind>
         <file>msp_matrix_neg_iq31.obj</file>
         <name>msp_matrix_neg_iq31.obj</name>
      </input_file>
      <input_file id="fl-19">
         <path>.\DSPLib\source\matrix\</path>
         <kind>object</kind>
         <file>msp_matrix_neg_q15.obj</file>
         <name>msp_matrix_neg_q15.obj</name>
      </input_file>
      <input_file id="fl-1a">
         <path>.\DSPLib\source\matrix\</path>
         <kind>object</kind>
         <file>msp_matrix_offset_iq31.obj</file>
         <name>msp_matrix_offset_iq31.obj</name>
      </input_file>
      <input_file id="fl-1b">
         <path>.\DSPLib\source\matrix\</path>
         <kind>object</kind>
         <file>msp_matrix_offset_q15.obj</file>
         <name>msp_matrix_offset_q15.obj</name>
      </input_file>
      <input_file id="fl-1c">
         <path>.\DSPLib\source\matrix\</path>
         <kind>object</kind>
         <file>msp_matrix_scale_iq31.obj</file>
         <name>msp_matrix_scale_iq31.obj</name>
      </input_file>
      <input_file id="fl-1d">
         <path>.\DSPLib\source\matrix\</path>
         <kind>object</kind>
         <file>msp_matrix_scale_q15.obj</file>
         <name>msp_matrix_scale_q15.obj</name>
      </input_file>
      <input_file id="fl-1e">
         <path>.\DSPLib\source\matrix\</path>
         <kind>object</kind>
         <file>msp_matrix_shift_iq31.obj</file>
         <name>msp_matrix_shift_iq31.obj</name>
      </input_file>
      <input_file id="fl-1f">
         <path>.\DSPLib\source\matrix\</path>
         <kind>object</kind>
         <file>msp_matrix_shift_q15.obj</file>
         <name>msp_matrix_shift_q15.obj</name>
      </input_file>
      <input_file id="fl-20">
         <path>.\DSPLib\source\matrix\</path>
         <kind>object</kind>
         <file>msp_matrix_sub_iq31.obj</file>
         <name>msp_matrix_sub_iq31.obj</name>
      </input_file>
      <input_file id="fl-21">
         <path>.\DSPLib\source\matrix\</path>
         <kind>object</kind>
         <file>msp_matrix_sub_q15.obj</file>
         <name>msp_matrix_sub_q15.obj</name>
      </input_file>
      <input_file id="fl-22">
         <path>.\DSPLib\source\matrix\</path>
         <kind>object</kind>
         <file>msp_matrix_trans_iq31.obj</file>
         <name>msp_matrix_trans_iq31.obj</name>
      </input_file>
      <input_file id="fl-23">
         <path>.\DSPLib\source\matrix\</path>
         <kind>object</kind>
         <file>msp_matrix_trans_q15.obj</file>
         <name>msp_matrix_trans_q15.obj</name>
      </input_file>
      <input_file id="fl-24">
         <path>.\DSPLib\source\transform\</path>
         <kind>object</kind>
         <file>msp_cmplx_bitrev_iq31.obj</file>
         <name>msp_cmplx_bitrev_iq31.obj</name>
      </input_file>
      <input_file id="fl-25">
         <path>.\DSPLib\source\transform\</path>
         <kind>object</kind>
         <file>msp_cmplx_bitrev_q15.obj</file>
         <name>msp_cmplx_bitrev_q15.obj</name>
      </input_file>
      <input_file id="fl-26">
         <path>.\DSPLib\source\transform\</path>
         <kind>object</kind>
         <file>msp_cmplx_fft_auto_q15.obj</file>
         <name>msp_cmplx_fft_auto_q15.obj</name>
      </input_file>
      <input_file id="fl-27">
         <path>.\DSPLib\source\transform\</path>
         <kind>object</kind>
         <file>msp_cmplx_fft_fixed_q15.obj</file>
         <name>msp_cmplx_fft_fixed_q15.obj</name>
      </input_file>
      <input_file id="fl-28">
         <path>.\DSPLib\source\transform\</path>
         <kind>object</kind>
         <file>msp_cmplx_fft_iq31.obj</file>
         <name>msp_cmplx_fft_iq31.obj</name>
      </input_file>
      <input_file id="fl-29">
         <path>.\DSPLib\source\transform\</path>
         <kind>object</kind>
         <file>msp_cmplx_ifft_auto_q15.obj</file>
         <name>msp_cmplx_ifft_auto_q15.obj</name>
      </input_file>
      <input_file id="fl-2a">
         <path>.\DSPLib\source\transform\</path>
         <kind>object</kind>
         <file>msp_cmplx_ifft_fixed_q15.obj</file>
         <name>msp_cmplx_ifft_fixed_q15.obj</name>
      </input_file>
      <input_file id="fl-2b">
         <path>.\DSPLib\source\transform\</path>
         <kind>object</kind>
         <file>msp_cmplx_ifft_iq31.obj</file>
         <name>msp_cmplx_ifft_iq31.obj</name>
      </input_file>
      <input_file id="fl-2c">
         <path>.\DSPLib\source\transform\</path>
         <kind>object</kind>
         <file>msp_fft_auto_q15.obj</file>
         <name>msp_fft_auto_q15.obj</name>
      </input_file>
      <input_file id="fl-2d">
         <path>.\DSPLib\source\transform\</path>
         <kind>object</kind>
         <file>msp_fft_fixed_q15.obj</file>
         <name>msp_fft_fixed_q15.obj</name>
      </input_file>
      <input_file id="fl-2e">
         <path>.\DSPLib\source\transform\</path>
         <kind>object</kind>
         <file>msp_fft_iq31.obj</file>
         <name>msp_fft_iq31.obj</name>
      </input_file>
      <input_file id="fl-2f">
         <path>.\DSPLib\source\transform\</path>
         <kind>object</kind>
         <file>msp_ifft_auto_q15.obj</file>
         <name>msp_ifft_auto_q15.obj</name>
      </input_file>
      <input_file id="fl-30">
         <path>.\DSPLib\source\transform\</path>
         <kind>object</kind>
         <file>msp_ifft_fixed_q15.obj</file>
         <name>msp_ifft_fixed_q15.obj</name>
      </input_file>
      <input_file id="fl-31">
         <path>.\DSPLib\source\transform\</path>
         <kind>object</kind>
         <file>msp_ifft_iq31.obj</file>
         <name>msp_ifft_iq31.obj</name>
      </input_file>
      <input_file id="fl-32">
         <path>.\DSPLib\source\transform\</path>
         <kind>object</kind>
         <file>msp_split_iq31.obj</file>
         <name>msp_split_iq31.obj</name>
      </input_file>
      <input_file id="fl-33">
         <path>.\DSPLib\source\transform\</path>
         <kind>object</kind>
         <file>msp_split_q15.obj</file>
         <name>msp_split_q15.obj</name>
      </input_file>
      <input_file id="fl-34">
         <path>.\DSPLib\source\transform\</path>
         <kind>object</kind>
         <file>msp_transform_tables.obj</file>
         <name>msp_transform_tables.obj</name>
      </input_file>
      <input_file id="fl-35">
         <path>.\DSPLib\source\utility\</path>
         <kind>object</kind>
         <file>msp_cmplx_fill_iq31.obj</file>
         <name>msp_cmplx_fill_iq31.obj</name>
      </input_file>
      <input_file id="fl-36">
         <path>.\DSPLib\source\utility\</path>
         <kind>object</kind>
         <file>msp_cmplx_fill_q15.obj</file>
         <name>msp_cmplx_fill_q15.obj</name>
      </input_file>
      <input_file id="fl-37">
         <path>.\DSPLib\source\utility\</path>
         <kind>object</kind>
         <file>msp_cmplx_iq31.obj</file>
         <name>msp_cmplx_iq31.obj</name>
      </input_file>
      <input_file id="fl-38">
         <path>.\DSPLib\source\utility\</path>
         <kind>object</kind>
         <file>msp_cmplx_q15.obj</file>
         <name>msp_cmplx_q15.obj</name>
      </input_file>
      <input_file id="fl-39">
         <path>.\DSPLib\source\utility\</path>
         <kind>object</kind>
         <file>msp_copy_iq31.obj</file>
         <name>msp_copy_iq31.obj</name>
      </input_file>
      <input_file id="fl-3a">
         <path>.\DSPLib\source\utility\</path>
         <kind>object</kind>
         <file>msp_copy_q15.obj</file>
         <name>msp_copy_q15.obj</name>
      </input_file>
      <input_file id="fl-3b">
         <path>.\DSPLib\source\utility\</path>
         <kind>object</kind>
         <file>msp_deinterleave_iq31.obj</file>
         <name>msp_deinterleave_iq31.obj</name>
      </input_file>
      <input_file id="fl-3c">
         <path>.\DSPLib\source\utility\</path>
         <kind>object</kind>
         <file>msp_deinterleave_q15.obj</file>
         <name>msp_deinterleave_q15.obj</name>
      </input_file>
      <input_file id="fl-3d">
         <path>.\DSPLib\source\utility\</path>
         <kind>object</kind>
         <file>msp_fill_iq31.obj</file>
         <name>msp_fill_iq31.obj</name>
      </input_file>
      <input_file id="fl-3e">
         <path>.\DSPLib\source\utility\</path>
         <kind>object</kind>
         <file>msp_fill_q15.obj</file>
         <name>msp_fill_q15.obj</name>
      </input_file>
      <input_file id="fl-3f">
         <path>.\DSPLib\source\utility\</path>
         <kind>object</kind>
         <file>msp_interleave_iq31.obj</file>
         <name>msp_interleave_iq31.obj</name>
      </input_file>
      <input_file id="fl-40">
         <path>.\DSPLib\source\utility\</path>
         <kind>object</kind>
         <file>msp_interleave_q15.obj</file>
         <name>msp_interleave_q15.obj</name>
      </input_file>
      <input_file id="fl-41">
         <path>.\DSPLib\source\utility\</path>
         <kind>object</kind>
         <file>msp_iq31_to_q15.obj</file>
         <name>msp_iq31_to_q15.obj</name>
      </input_file>
      <input_file id="fl-42">
         <path>.\DSPLib\source\utility\</path>
         <kind>object</kind>
         <file>msp_q15_to_iq31.obj</file>
         <name>msp_q15_to_iq31.obj</name>
      </input_file>
      <input_file id="fl-43">
         <path>.\DSPLib\source\utility\</path>
         <kind>object</kind>
         <file>msp_sinusoid_q15.obj</file>
         <name>msp_sinusoid_q15.obj</name>
      </input_file>
      <input_file id="fl-44">
         <path>.\DSPLib\source\vector\</path>
         <kind>object</kind>
         <file>msp_abs_iq31.obj</file>
         <name>msp_abs_iq31.obj</name>
      </input_file>
      <input_file id="fl-45">
         <path>.\DSPLib\source\vector\</path>
         <kind>object</kind>
         <file>msp_abs_q15.obj</file>
         <name>msp_abs_q15.obj</name>
      </input_file>
      <input_file id="fl-46">
         <path>.\DSPLib\source\vector\</path>
         <kind>object</kind>
         <file>msp_add_iq31.obj</file>
         <name>msp_add_iq31.obj</name>
      </input_file>
      <input_file id="fl-47">
         <path>.\DSPLib\source\vector\</path>
         <kind>object</kind>
         <file>msp_add_q15.obj</file>
         <name>msp_add_q15.obj</name>
      </input_file>
      <input_file id="fl-48">
         <path>.\DSPLib\source\vector\</path>
         <kind>object</kind>
         <file>msp_cmplx_add_iq31.obj</file>
         <name>msp_cmplx_add_iq31.obj</name>
      </input_file>
      <input_file id="fl-49">
         <path>.\DSPLib\source\vector\</path>
         <kind>object</kind>
         <file>msp_cmplx_add_q15.obj</file>
         <name>msp_cmplx_add_q15.obj</name>
      </input_file>
      <input_file id="fl-4a">
         <path>.\DSPLib\source\vector\</path>
         <kind>object</kind>
         <file>msp_cmplx_conj_iq31.obj</file>
         <name>msp_cmplx_conj_iq31.obj</name>
      </input_file>
      <input_file id="fl-4b">
         <path>.\DSPLib\source\vector\</path>
         <kind>object</kind>
         <file>msp_cmplx_conj_q15.obj</file>
         <name>msp_cmplx_conj_q15.obj</name>
      </input_file>
      <input_file id="fl-4c">
         <path>.\DSPLib\source\vector\</path>
         <kind>object</kind>
         <file>msp_cmplx_mac_iq31.obj</file>
         <name>msp_cmplx_mac_iq31.obj</name>
      </input_file>
      <input_file id="fl-4d">
         <path>.\DSPLib\source\vector\</path>
         <kind>object</kind>
         <file>msp_cmplx_mac_q15.obj</file>
         <name>msp_cmplx_mac_q15.obj</name>
      </input_file>
      <input_file id="fl-4e">
         <path>.\DSPLib\source\vector\</path>
         <kind>object</kind>
         <file>msp_cmplx_mpy_iq31.obj</file>
         <name>msp_cmplx_mpy_iq31.obj</name>
      </input_file>
      <input_file id="fl-4f">
         <path>.\DSPLib\source\vector\</path>
         <kind>object</kind>
         <file>msp_cmplx_mpy_q15.obj</file>
         <name>msp_cmplx_mpy_q15.obj</name>
      </input_file>
      <input_file id="fl-50">
         <path>.\DSPLib\source\vector\</path>
         <kind>object</kind>
         <file>msp_cmplx_mpy_real_iq31.obj</file>
         <name>msp_cmplx_mpy_real_iq31.obj</name>
      </input_file>
      <input_file id="fl-51">
         <path>.\DSPLib\source\vector\</path>
         <kind>object</kind>
         <file>msp_cmplx_mpy_real_q15.obj</file>
         <name>msp_cmplx_mpy_real_q15.obj</name>
      </input_file>
      <input_file id="fl-52">
         <path>.\DSPLib\source\vector\</path>
         <kind>object</kind>
         <file>msp_cmplx_scale_iq31.obj</file>
         <name>msp_cmplx_scale_iq31.obj</name>
      </input_file>
      <input_file id="fl-53">
         <path>.\DSPLib\source\vector\</path>
         <kind>object</kind>
         <file>msp_cmplx_scale_q15.obj</file>
         <name>msp_cmplx_scale_q15.obj</name>
      </input_file>
      <input_file id="fl-54">
         <path>.\DSPLib\source\vector\</path>
         <kind>object</kind>
         <file>msp_cmplx_shift_iq31.obj</file>
         <name>msp_cmplx_shift_iq31.obj</name>
      </input_file>
      <input_file id="fl-55">
         <path>.\DSPLib\source\vector\</path>
         <kind>object</kind>
         <file>msp_cmplx_shift_q15.obj</file>
         <name>msp_cmplx_shift_q15.obj</name>
      </input_file>
      <input_file id="fl-56">
         <path>.\DSPLib\source\vector\</path>
         <kind>object</kind>
         <file>msp_cmplx_sub_iq31.obj</file>
         <name>msp_cmplx_sub_iq31.obj</name>
      </input_file>
      <input_file id="fl-57">
         <path>.\DSPLib\source\vector\</path>
         <kind>object</kind>
         <file>msp_cmplx_sub_q15.obj</file>
         <name>msp_cmplx_sub_q15.obj</name>
      </input_file>
      <input_file id="fl-58">
         <path>.\DSPLib\source\vector\</path>
         <kind>object</kind>
         <file>msp_mac_iq31.obj</file>
         <name>msp_mac_iq31.obj</name>
      </input_file>
      <input_file id="fl-59">
         <path>.\DSPLib\source\vector\</path>
         <kind>object</kind>
         <file>msp_mac_q15.obj</file>
         <name>msp_mac_q15.obj</name>
      </input_file>
      <input_file id="fl-5a">
         <path>.\DSPLib\source\vector\</path>
         <kind>object</kind>
         <file>msp_max_iq31.obj</file>
         <name>msp_max_iq31.obj</name>
      </input_file>
      <input_file id="fl-5b">
         <path>.\DSPLib\source\vector\</path>
         <kind>object</kind>
         <file>msp_max_q15.obj</file>
         <name>msp_max_q15.obj</name>
      </input_file>
      <input_file id="fl-5c">
         <path>.\DSPLib\source\vector\</path>
         <kind>object</kind>
         <file>msp_max_uq15.obj</file>
         <name>msp_max_uq15.obj</name>
      </input_file>
      <input_file id="fl-5d">
         <path>.\DSPLib\source\vector\</path>
         <kind>object</kind>
         <file>msp_max_uq31.obj</file>
         <name>msp_max_uq31.obj</name>
      </input_file>
      <input_file id="fl-5e">
         <path>.\DSPLib\source\vector\</path>
         <kind>object</kind>
         <file>msp_min_iq31.obj</file>
         <name>msp_min_iq31.obj</name>
      </input_file>
      <input_file id="fl-5f">
         <path>.\DSPLib\source\vector\</path>
         <kind>object</kind>
         <file>msp_min_q15.obj</file>
         <name>msp_min_q15.obj</name>
      </input_file>
      <input_file id="fl-60">
         <path>.\DSPLib\source\vector\</path>
         <kind>object</kind>
         <file>msp_min_uq15.obj</file>
         <name>msp_min_uq15.obj</name>
      </input_file>
      <input_file id="fl-61">
         <path>.\DSPLib\source\vector\</path>
         <kind>object</kind>
         <file>msp_min_uq31.obj</file>
         <name>msp_min_uq31.obj</name>
      </input_file>
      <input_file id="fl-62">
         <path>.\DSPLib\source\vector\</path>
         <kind>object</kind>
         <file>msp_mpy_iq31.obj</file>
         <name>msp_mpy_iq31.obj</name>
      </input_file>
      <input_file id="fl-63">
         <path>.\DSPLib\source\vector\</path>
         <kind>object</kind>
         <file>msp_mpy_q15.obj</file>
         <name>msp_mpy_q15.obj</name>
      </input_file>
      <input_file id="fl-64">
         <path>.\DSPLib\source\vector\</path>
         <kind>object</kind>
         <file>msp_neg_iq31.obj</file>
         <name>msp_neg_iq31.obj</name>
      </input_file>
      <input_file id="fl-65">
         <path>.\DSPLib\source\vector\</path>
         <kind>object</kind>
         <file>msp_neg_q15.obj</file>
         <name>msp_neg_q15.obj</name>
      </input_file>
      <input_file id="fl-66">
         <path>.\DSPLib\source\vector\</path>
         <kind>object</kind>
         <file>msp_offset_iq31.obj</file>
         <name>msp_offset_iq31.obj</name>
      </input_file>
      <input_file id="fl-67">
         <path>.\DSPLib\source\vector\</path>
         <kind>object</kind>
         <file>msp_offset_q15.obj</file>
         <name>msp_offset_q15.obj</name>
      </input_file>
      <input_file id="fl-68">
         <path>.\DSPLib\source\vector\</path>
         <kind>object</kind>
         <file>msp_scale_iq31.obj</file>
         <name>msp_scale_iq31.obj</name>
      </input_file>
      <input_file id="fl-69">
         <path>.\DSPLib\source\vector\</path>
         <kind>object</kind>
         <file>msp_scale_q15.obj</file>
         <name>msp_scale_q15.obj</name>
      </input_file>
      <input_file id="fl-6a">
         <path>.\DSPLib\source\vector\</path>
         <kind>object</kind>
         <file>msp_shift_iq31.obj</file>
         <name>msp_shift_iq31.obj</name>
      </input_file>
      <input_file id="fl-6b">
         <path>.\DSPLib\source\vector\</path>
         <kind>object</kind>
         <file>msp_shift_q15.obj</file>
         <name>msp_shift_q15.obj</name>
      </input_file>
      <input_file id="fl-6c">
         <path>.\DSPLib\source\vector\</path>
         <kind>object</kind>
         <file>msp_sub_iq31.obj</file>
         <name>msp_sub_iq31.obj</name>
      </input_file>
      <input_file id="fl-6d">
         <path>.\DSPLib\source\vector\</path>
         <kind>object</kind>
         <file>msp_sub_q15.obj</file>
         <name>msp_sub_q15.obj</name>
      </input_file>
      <input_file id="fl-6e">
         <path>.\decoder\</path>
         <kind>object</kind>
         <file>decoder.obj</file>
         <name>decoder.obj</name>
      </input_file>
      <input_file id="fl-6f">
         <path>.\layers\</path>
         <kind>object</kind>
         <file>layers.obj</file>
         <name>layers.obj</name>
      </input_file>
      <input_file id="fl-70">
         <path>.\math\</path>
         <kind>object</kind>
         <file>fixed_point_ops.obj</file>
         <name>fixed_point_ops.obj</name>
      </input_file>
      <input_file id="fl-71">
         <path>.\math\</path>
         <kind>object</kind>
         <file>matrix_ops.obj</file>
         <name>matrix_ops.obj</name>
      </input_file>
      <input_file id="fl-77">
         <kind>object</kind>
         <file>&lt;internal&gt;</file>
         <name>&lt;internal&gt;</name>
      </input_file>
      <input_file id="fl-92">
         <path>C:\ti\ccs1110\ccs\tools\compiler\ti-cgt-msp430_21.6.0.LTS\lib\</path>
         <kind>archive</kind>
         <file>rts430x_lc_ld_eabi.lib</file>
         <name>copy_decompress_lzss.c.obj</name>
      </input_file>
      <input_file id="fl-93">
         <path>C:\ti\ccs1110\ccs\tools\compiler\ti-cgt-msp430_21.6.0.LTS\lib\</path>
         <kind>archive</kind>
         <file>rts430x_lc_ld_eabi.lib</file>
         <name>copy_decompress_none.c.obj</name>
      </input_file>
      <input_file id="fl-94">
         <path>C:\ti\ccs1110\ccs\tools\compiler\ti-cgt-msp430_21.6.0.LTS\lib\</path>
         <kind>archive</kind>
         <file>rts430x_lc_ld_eabi.lib</file>
         <name>int19.asm.obj</name>
      </input_file>
      <input_file id="fl-95">
         <path>C:\ti\ccs1110\ccs\tools\compiler\ti-cgt-msp430_21.6.0.LTS\lib\</path>
         <kind>archive</kind>
         <file>rts430x_lc_ld_eabi.lib</file>
         <name>isr_trap.asm.obj</name>
      </input_file>
      <input_file id="fl-96">
         <path>C:\ti\ccs1110\ccs\tools\compiler\ti-cgt-msp430_21.6.0.LTS\lib\</path>
         <kind>archive</kind>
         <file>rts430x_lc_ld_eabi.lib</file>
         <name>int20.asm.obj</name>
      </input_file>
      <input_file id="fl-97">
         <path>C:\ti\ccs1110\ccs\tools\compiler\ti-cgt-msp430_21.6.0.LTS\lib\</path>
         <kind>archive</kind>
         <file>rts430x_lc_ld_eabi.lib</file>
         <name>int21.asm.obj</name>
      </input_file>
      <input_file id="fl-98">
         <path>C:\ti\ccs1110\ccs\tools\compiler\ti-cgt-msp430_21.6.0.LTS\lib\</path>
         <kind>archive</kind>
         <file>rts430x_lc_ld_eabi.lib</file>
         <name>int22.asm.obj</name>
      </input_file>
      <input_file id="fl-99">
         <path>C:\ti\ccs1110\ccs\tools\compiler\ti-cgt-msp430_21.6.0.LTS\lib\</path>
         <kind>archive</kind>
         <file>rts430x_lc_ld_eabi.lib</file>
         <name>int23.asm.obj</name>
      </input_file>
      <input_file id="fl-9a">
         <path>C:\ti\ccs1110\ccs\tools\compiler\ti-cgt-msp430_21.6.0.LTS\lib\</path>
         <kind>archive</kind>
         <file>rts430x_lc_ld_eabi.lib</file>
         <name>int24.asm.obj</name>
      </input_file>
      <input_file id="fl-9b">
         <path>C:\ti\ccs1110\ccs\tools\compiler\ti-cgt-msp430_21.6.0.LTS\lib\</path>
         <kind>archive</kind>
         <file>rts430x_lc_ld_eabi.lib</file>
         <name>int25.asm.obj</name>
      </input_file>
      <input_file id="fl-9c">
         <path>C:\ti\ccs1110\ccs\tools\compiler\ti-cgt-msp430_21.6.0.LTS\lib\</path>
         <kind>archive</kind>
         <file>rts430x_lc_ld_eabi.lib</file>
         <name>int26.asm.obj</name>
      </input_file>
      <input_file id="fl-9d">
         <path>C:\ti\ccs1110\ccs\tools\compiler\ti-cgt-msp430_21.6.0.LTS\lib\</path>
         <kind>archive</kind>
         <file>rts430x_lc_ld_eabi.lib</file>
         <name>int27.asm.obj</name>
      </input_file>
      <input_file id="fl-9e">
         <path>C:\ti\ccs1110\ccs\tools\compiler\ti-cgt-msp430_21.6.0.LTS\lib\</path>
         <kind>archive</kind>
         <file>rts430x_lc_ld_eabi.lib</file>
         <name>int28.asm.obj</name>
      </input_file>
      <input_file id="fl-9f">
         <path>C:\ti\ccs1110\ccs\tools\compiler\ti-cgt-msp430_21.6.0.LTS\lib\</path>
         <kind>archive</kind>
         <file>rts430x_lc_ld_eabi.lib</file>
         <name>int29.asm.obj</name>
      </input_file>
      <input_file id="fl-a0">
         <path>C:\ti\ccs1110\ccs\tools\compiler\ti-cgt-msp430_21.6.0.LTS\lib\</path>
         <kind>archive</kind>
         <file>rts430x_lc_ld_eabi.lib</file>
         <name>int30.asm.obj</name>
      </input_file>
      <input_file id="fl-a1">
         <path>C:\ti\ccs1110\ccs\tools\compiler\ti-cgt-msp430_21.6.0.LTS\lib\</path>
         <kind>archive</kind>
         <file>rts430x_lc_ld_eabi.lib</file>
         <name>int31.asm.obj</name>
      </input_file>
      <input_file id="fl-a2">
         <path>C:\ti\ccs1110\ccs\tools\compiler\ti-cgt-msp430_21.6.0.LTS\lib\</path>
         <kind>archive</kind>
         <file>rts430x_lc_ld_eabi.lib</file>
         <name>int32.asm.obj</name>
      </input_file>
      <input_file id="fl-a3">
         <path>C:\ti\ccs1110\ccs\tools\compiler\ti-cgt-msp430_21.6.0.LTS\lib\</path>
         <kind>archive</kind>
         <file>rts430x_lc_ld_eabi.lib</file>
         <name>int33.asm.obj</name>
      </input_file>
      <input_file id="fl-a4">
         <path>C:\ti\ccs1110\ccs\tools\compiler\ti-cgt-msp430_21.6.0.LTS\lib\</path>
         <kind>archive</kind>
         <file>rts430x_lc_ld_eabi.lib</file>
         <name>int34.asm.obj</name>
      </input_file>
      <input_file id="fl-a5">
         <path>C:\ti\ccs1110\ccs\tools\compiler\ti-cgt-msp430_21.6.0.LTS\lib\</path>
         <kind>archive</kind>
         <file>rts430x_lc_ld_eabi.lib</file>
         <name>int35.asm.obj</name>
      </input_file>
      <input_file id="fl-a6">
         <path>C:\ti\ccs1110\ccs\tools\compiler\ti-cgt-msp430_21.6.0.LTS\lib\</path>
         <kind>archive</kind>
         <file>rts430x_lc_ld_eabi.lib</file>
         <name>int36.asm.obj</name>
      </input_file>
      <input_file id="fl-a7">
         <path>C:\ti\ccs1110\ccs\tools\compiler\ti-cgt-msp430_21.6.0.LTS\lib\</path>
         <kind>archive</kind>
         <file>rts430x_lc_ld_eabi.lib</file>
         <name>int37.asm.obj</name>
      </input_file>
      <input_file id="fl-a8">
         <path>C:\ti\ccs1110\ccs\tools\compiler\ti-cgt-msp430_21.6.0.LTS\lib\</path>
         <kind>archive</kind>
         <file>rts430x_lc_ld_eabi.lib</file>
         <name>int38.asm.obj</name>
      </input_file>
      <input_file id="fl-a9">
         <path>C:\ti\ccs1110\ccs\tools\compiler\ti-cgt-msp430_21.6.0.LTS\lib\</path>
         <kind>archive</kind>
         <file>rts430x_lc_ld_eabi.lib</file>
         <name>int39.asm.obj</name>
      </input_file>
      <input_file id="fl-aa">
         <path>C:\ti\ccs1110\ccs\tools\compiler\ti-cgt-msp430_21.6.0.LTS\lib\</path>
         <kind>archive</kind>
         <file>rts430x_lc_ld_eabi.lib</file>
         <name>int40.asm.obj</name>
      </input_file>
      <input_file id="fl-ab">
         <path>C:\ti\ccs1110\ccs\tools\compiler\ti-cgt-msp430_21.6.0.LTS\lib\</path>
         <kind>archive</kind>
         <file>rts430x_lc_ld_eabi.lib</file>
         <name>int41.asm.obj</name>
      </input_file>
      <input_file id="fl-ac">
         <path>C:\ti\ccs1110\ccs\tools\compiler\ti-cgt-msp430_21.6.0.LTS\lib\</path>
         <kind>archive</kind>
         <file>rts430x_lc_ld_eabi.lib</file>
         <name>int42.asm.obj</name>
      </input_file>
      <input_file id="fl-ad">
         <path>C:\ti\ccs1110\ccs\tools\compiler\ti-cgt-msp430_21.6.0.LTS\lib\</path>
         <kind>archive</kind>
         <file>rts430x_lc_ld_eabi.lib</file>
         <name>int43.asm.obj</name>
      </input_file>
      <input_file id="fl-ae">
         <path>C:\ti\ccs1110\ccs\tools\compiler\ti-cgt-msp430_21.6.0.LTS\lib\</path>
         <kind>archive</kind>
         <file>rts430x_lc_ld_eabi.lib</file>
         <name>int44.asm.obj</name>
      </input_file>
      <input_file id="fl-af">
         <path>C:\ti\ccs1110\ccs\tools\compiler\ti-cgt-msp430_21.6.0.LTS\lib\</path>
         <kind>archive</kind>
         <file>rts430x_lc_ld_eabi.lib</file>
         <name>int45.asm.obj</name>
      </input_file>
      <input_file id="fl-b0">
         <path>C:\ti\ccs1110\ccs\tools\compiler\ti-cgt-msp430_21.6.0.LTS\lib\</path>
         <kind>archive</kind>
         <file>rts430x_lc_ld_eabi.lib</file>
         <name>int46.asm.obj</name>
      </input_file>
      <input_file id="fl-b1">
         <path>C:\ti\ccs1110\ccs\tools\compiler\ti-cgt-msp430_21.6.0.LTS\lib\</path>
         <kind>archive</kind>
         <file>rts430x_lc_ld_eabi.lib</file>
         <name>int47.asm.obj</name>
      </input_file>
      <input_file id="fl-b2">
         <path>C:\ti\ccs1110\ccs\tools\compiler\ti-cgt-msp430_21.6.0.LTS\lib\</path>
         <kind>archive</kind>
         <file>rts430x_lc_ld_eabi.lib</file>
         <name>int48.asm.obj</name>
      </input_file>
      <input_file id="fl-b3">
         <path>C:\ti\ccs1110\ccs\tools\compiler\ti-cgt-msp430_21.6.0.LTS\lib\</path>
         <kind>archive</kind>
         <file>rts430x_lc_ld_eabi.lib</file>
         <name>int49.asm.obj</name>
      </input_file>
      <input_file id="fl-b4">
         <path>C:\ti\ccs1110\ccs\tools\compiler\ti-cgt-msp430_21.6.0.LTS\lib\</path>
         <kind>archive</kind>
         <file>rts430x_lc_ld_eabi.lib</file>
         <name>int50.asm.obj</name>
      </input_file>
      <input_file id="fl-b5">
         <path>C:\ti\ccs1110\ccs\tools\compiler\ti-cgt-msp430_21.6.0.LTS\lib\</path>
         <kind>archive</kind>
         <file>rts430x_lc_ld_eabi.lib</file>
         <name>int51.asm.obj</name>
      </input_file>
      <input_file id="fl-b6">
         <path>C:\ti\ccs1110\ccs\tools\compiler\ti-cgt-msp430_21.6.0.LTS\lib\</path>
         <kind>archive</kind>
         <file>rts430x_lc_ld_eabi.lib</file>
         <name>int52.asm.obj</name>
      </input_file>
      <input_file id="fl-b7">
         <path>C:\ti\ccs1110\ccs\tools\compiler\ti-cgt-msp430_21.6.0.LTS\lib\</path>
         <kind>archive</kind>
         <file>rts430x_lc_ld_eabi.lib</file>
         <name>int53.asm.obj</name>
      </input_file>
      <input_file id="fl-b8">
         <path>C:\ti\ccs1110\ccs\tools\compiler\ti-cgt-msp430_21.6.0.LTS\lib\</path>
         <kind>archive</kind>
         <file>rts430x_lc_ld_eabi.lib</file>
         <name>int54.asm.obj</name>
      </input_file>
      <input_file id="fl-b9">
         <path>C:\ti\ccs1110\ccs\tools\compiler\ti-cgt-msp430_21.6.0.LTS\lib\</path>
         <kind>archive</kind>
         <file>rts430x_lc_ld_eabi.lib</file>
         <name>copy_zero_init.c.obj</name>
      </input_file>
      <input_file id="fl-ba">
         <path>C:\ti\ccs1110\ccs\tools\compiler\ti-cgt-msp430_21.6.0.LTS\lib\</path>
         <kind>archive</kind>
         <file>rts430x_lc_ld_eabi.lib</file>
         <name>div16s.asm.obj</name>
      </input_file>
      <input_file id="fl-bb">
         <path>C:\ti\ccs1110\ccs\tools\compiler\ti-cgt-msp430_21.6.0.LTS\lib\</path>
         <kind>archive</kind>
         <file>rts430x_lc_ld_eabi.lib</file>
         <name>div32s.asm.obj</name>
      </input_file>
      <input_file id="fl-bc">
         <path>C:\ti\ccs1110\ccs\tools\compiler\ti-cgt-msp430_21.6.0.LTS\lib\</path>
         <kind>archive</kind>
         <file>rts430x_lc_ld_eabi.lib</file>
         <name>div64s.c.obj</name>
      </input_file>
      <input_file id="fl-bd">
         <path>C:\ti\ccs1110\ccs\tools\compiler\ti-cgt-msp430_21.6.0.LTS\lib\</path>
         <kind>archive</kind>
         <file>rts430x_lc_ld_eabi.lib</file>
         <name>div16u.asm.obj</name>
      </input_file>
      <input_file id="fl-be">
         <path>C:\ti\ccs1110\ccs\tools\compiler\ti-cgt-msp430_21.6.0.LTS\lib\</path>
         <kind>archive</kind>
         <file>rts430x_lc_ld_eabi.lib</file>
         <name>div32u.asm.obj</name>
      </input_file>
      <input_file id="fl-bf">
         <path>C:\ti\ccs1110\ccs\tools\compiler\ti-cgt-msp430_21.6.0.LTS\lib\</path>
         <kind>archive</kind>
         <file>rts430x_lc_ld_eabi.lib</file>
         <name>div64u.c.obj</name>
      </input_file>
      <input_file id="fl-c0">
         <path>C:\ti\ccs1110\ccs\tools\compiler\ti-cgt-msp430_21.6.0.LTS\lib\</path>
         <kind>archive</kind>
         <file>rts430x_lc_ld_eabi.lib</file>
         <name>fs_toi.asm.obj</name>
      </input_file>
      <input_file id="fl-c1">
         <path>C:\ti\ccs1110\ccs\tools\compiler\ti-cgt-msp430_21.6.0.LTS\lib\</path>
         <kind>archive</kind>
         <file>rts430x_lc_ld_eabi.lib</file>
         <name>fs_itof.asm.obj</name>
      </input_file>
      <input_file id="fl-c2">
         <path>C:\ti\ccs1110\ccs\tools\compiler\ti-cgt-msp430_21.6.0.LTS\lib\</path>
         <kind>archive</kind>
         <file>rts430x_lc_ld_eabi.lib</file>
         <name>fs_mpy.asm.obj</name>
      </input_file>
      <input_file id="fl-c3">
         <path>C:\ti\ccs1110\ccs\tools\compiler\ti-cgt-msp430_21.6.0.LTS\lib\</path>
         <kind>archive</kind>
         <file>rts430x_lc_ld_eabi.lib</file>
         <name>mult16.asm.obj</name>
      </input_file>
      <input_file id="fl-c4">
         <path>C:\ti\ccs1110\ccs\tools\compiler\ti-cgt-msp430_21.6.0.LTS\lib\</path>
         <kind>archive</kind>
         <file>rts430x_lc_ld_eabi.lib</file>
         <name>mult16_f5hw.asm.obj</name>
      </input_file>
      <input_file id="fl-c5">
         <path>C:\ti\ccs1110\ccs\tools\compiler\ti-cgt-msp430_21.6.0.LTS\lib\</path>
         <kind>archive</kind>
         <file>rts430x_lc_ld_eabi.lib</file>
         <name>mult32.asm.obj</name>
      </input_file>
      <input_file id="fl-c6">
         <path>C:\ti\ccs1110\ccs\tools\compiler\ti-cgt-msp430_21.6.0.LTS\lib\</path>
         <kind>archive</kind>
         <file>rts430x_lc_ld_eabi.lib</file>
         <name>mult32_f5hw.asm.obj</name>
      </input_file>
      <input_file id="fl-c7">
         <path>C:\ti\ccs1110\ccs\tools\compiler\ti-cgt-msp430_21.6.0.LTS\lib\</path>
         <kind>archive</kind>
         <file>rts430x_lc_ld_eabi.lib</file>
         <name>mult64_f5hw.asm.obj</name>
      </input_file>
      <input_file id="fl-c8">
         <path>C:\ti\ccs1110\ccs\tools\compiler\ti-cgt-msp430_21.6.0.LTS\lib\</path>
         <kind>archive</kind>
         <file>rts430x_lc_ld_eabi.lib</file>
         <name>mult1632.asm.obj</name>
      </input_file>
      <input_file id="fl-c9">
         <path>C:\ti\ccs1110\ccs\tools\compiler\ti-cgt-msp430_21.6.0.LTS\lib\</path>
         <kind>archive</kind>
         <file>rts430x_lc_ld_eabi.lib</file>
         <name>mult1632_f5hw.asm.obj</name>
      </input_file>
      <input_file id="fl-ca">
         <path>C:\ti\ccs1110\ccs\tools\compiler\ti-cgt-msp430_21.6.0.LTS\lib\</path>
         <kind>archive</kind>
         <file>rts430x_lc_ld_eabi.lib</file>
         <name>mult3264.asm.obj</name>
      </input_file>
      <input_file id="fl-cb">
         <path>C:\ti\ccs1110\ccs\tools\compiler\ti-cgt-msp430_21.6.0.LTS\lib\</path>
         <kind>archive</kind>
         <file>rts430x_lc_ld_eabi.lib</file>
         <name>mult64.asm.obj</name>
      </input_file>
      <input_file id="fl-cc">
         <path>C:\ti\ccs1110\ccs\tools\compiler\ti-cgt-msp430_21.6.0.LTS\lib\</path>
         <kind>archive</kind>
         <file>rts430x_lc_ld_eabi.lib</file>
         <name>mult3264_f5hw.asm.obj</name>
      </input_file>
      <input_file id="fl-cd">
         <path>C:\ti\ccs1110\ccs\tools\compiler\ti-cgt-msp430_21.6.0.LTS\lib\</path>
         <kind>archive</kind>
         <file>rts430x_lc_ld_eabi.lib</file>
         <name>lsl16.asm.obj</name>
      </input_file>
      <input_file id="fl-ce">
         <path>C:\ti\ccs1110\ccs\tools\compiler\ti-cgt-msp430_21.6.0.LTS\lib\</path>
         <kind>archive</kind>
         <file>rts430x_lc_ld_eabi.lib</file>
         <name>lsl32.asm.obj</name>
      </input_file>
      <input_file id="fl-cf">
         <path>C:\ti\ccs1110\ccs\tools\compiler\ti-cgt-msp430_21.6.0.LTS\lib\</path>
         <kind>archive</kind>
         <file>rts430x_lc_ld_eabi.lib</file>
         <name>lsl64.c.obj</name>
      </input_file>
      <input_file id="fl-d0">
         <path>C:\ti\ccs1110\ccs\tools\compiler\ti-cgt-msp430_21.6.0.LTS\lib\</path>
         <kind>archive</kind>
         <file>rts430x_lc_ld_eabi.lib</file>
         <name>asr32.asm.obj</name>
      </input_file>
      <input_file id="fl-d1">
         <path>C:\ti\ccs1110\ccs\tools\compiler\ti-cgt-msp430_21.6.0.LTS\lib\</path>
         <kind>archive</kind>
         <file>rts430x_lc_ld_eabi.lib</file>
         <name>asr64.c.obj</name>
      </input_file>
      <input_file id="fl-d2">
         <path>C:\ti\ccs1110\ccs\tools\compiler\ti-cgt-msp430_21.6.0.LTS\lib\</path>
         <kind>archive</kind>
         <file>rts430x_lc_ld_eabi.lib</file>
         <name>lsr32.asm.obj</name>
      </input_file>
      <input_file id="fl-d3">
         <path>C:\ti\ccs1110\ccs\tools\compiler\ti-cgt-msp430_21.6.0.LTS\lib\</path>
         <kind>archive</kind>
         <file>rts430x_lc_ld_eabi.lib</file>
         <name>lsr64.c.obj</name>
      </input_file>
      <input_file id="fl-d4">
         <path>C:\ti\ccs1110\ccs\tools\compiler\ti-cgt-msp430_21.6.0.LTS\lib\</path>
         <kind>archive</kind>
         <file>rts430x_lc_ld_eabi.lib</file>
         <name>boot.c.obj</name>
      </input_file>
      <input_file id="fl-d5">
         <path>C:\ti\ccs1110\ccs\tools\compiler\ti-cgt-msp430_21.6.0.LTS\lib\</path>
         <kind>archive</kind>
         <file>rts430x_lc_ld_eabi.lib</file>
         <name>mpu_init.c.obj</name>
      </input_file>
      <input_file id="fl-d6">
         <path>C:\ti\ccs1110\ccs\tools\compiler\ti-cgt-msp430_21.6.0.LTS\lib\</path>
         <kind>archive</kind>
         <file>rts430x_lc_ld_eabi.lib</file>
         <name>args_main.c.obj</name>
      </input_file>
      <input_file id="fl-d7">
         <path>C:\ti\ccs1110\ccs\tools\compiler\ti-cgt-msp430_21.6.0.LTS\lib\</path>
         <kind>archive</kind>
         <file>rts430x_lc_ld_eabi.lib</file>
         <name>autoinit.c.obj</name>
      </input_file>
      <input_file id="fl-d8">
         <path>C:\ti\ccs1110\ccs\tools\compiler\ti-cgt-msp430_21.6.0.LTS\lib\</path>
         <kind>archive</kind>
         <file>rts430x_lc_ld_eabi.lib</file>
         <name>startup.c.obj</name>
      </input_file>
      <input_file id="fl-d9">
         <path>C:\ti\ccs1110\ccs\tools\compiler\ti-cgt-msp430_21.6.0.LTS\lib\</path>
         <kind>archive</kind>
         <file>rts430x_lc_ld_eabi.lib</file>
         <name>pre_init.c.obj</name>
      </input_file>
      <input_file id="fl-da">
         <path>C:\ti\ccs1110\ccs\tools\compiler\ti-cgt-msp430_21.6.0.LTS\lib\</path>
         <kind>archive</kind>
         <file>rts430x_lc_ld_eabi.lib</file>
         <name>cpy_tbl.c.obj</name>
      </input_file>
      <input_file id="fl-db">
         <path>C:\ti\ccs1110\ccs\tools\compiler\ti-cgt-msp430_21.6.0.LTS\lib\</path>
         <kind>archive</kind>
         <file>rts430x_lc_ld_eabi.lib</file>
         <name>exit.c.obj</name>
      </input_file>
      <input_file id="fl-dc">
         <path>C:\ti\ccs1110\ccs\tools\compiler\ti-cgt-msp430_21.6.0.LTS\lib\</path>
         <kind>archive</kind>
         <file>rts430x_lc_ld_eabi.lib</file>
         <name>exit_gvars.c.obj</name>
      </input_file>
      <input_file id="fl-dd">
         <path>C:\ti\ccs1110\ccs\tools\compiler\ti-cgt-msp430_21.6.0.LTS\lib\</path>
         <kind>archive</kind>
         <file>rts430x_lc_ld_eabi.lib</file>
         <name>_lock.c.obj</name>
      </input_file>
      <input_file id="fl-de">
         <path>C:\ti\ccs1110\ccs\tools\compiler\ti-cgt-msp430_21.6.0.LTS\lib\</path>
         <kind>archive</kind>
         <file>rts430x_lc_ld_eabi.lib</file>
         <name>llabs.c.obj</name>
      </input_file>
      <input_file id="fl-df">
         <path>C:\ti\ccs1110\ccs\tools\compiler\ti-cgt-msp430_21.6.0.LTS\lib\</path>
         <kind>archive</kind>
         <file>rts430x_lc_ld_eabi.lib</file>
         <name>memcpy.c.obj</name>
      </input_file>
      <input_file id="fl-e0">
         <path>C:\ti\ccs1110\ccs\tools\compiler\ti-cgt-msp430_21.6.0.LTS\lib\</path>
         <kind>archive</kind>
         <file>rts430x_lc_ld_eabi.lib</file>
         <name>memset.c.obj</name>
      </input_file>
   </input_file_list>
   <object_component_list>
      <object_component id="oc-847">
         <name>.TI.persistent:MODEL_ARRAY_TEMP</name>
         <load_address>0x4000</load_address>
         <run_address>0x4000</run_address>
         <size>0x8000</size>
         <input_file_ref idref="fl-6e"/>
      </object_component>
      <object_component id="oc-9a2">
         <name>.TI.persistent:PADDING_BUFFER</name>
         <load_address>0xc000</load_address>
         <run_address>0xc000</run_address>
         <size>0x1000</size>
         <input_file_ref idref="fl-6f"/>
      </object_component>
      <object_component id="oc-954">
         <name>.TI.persistent:FILTER_BUFFER</name>
         <load_address>0xd000</load_address>
         <run_address>0xd000</run_address>
         <size>0x800</size>
         <input_file_ref idref="fl-6f"/>
      </object_component>
      <object_component id="oc-79f">
         <name>.TI.persistent:input_buffer</name>
         <load_address>0xd800</load_address>
         <run_address>0xd800</run_address>
         <size>0x800</size>
         <input_file_ref idref="fl-3"/>
      </object_component>
      <object_component id="oc-7a5">
         <name>.TI.persistent:output_buffer</name>
         <load_address>0xe000</load_address>
         <run_address>0xe000</run_address>
         <size>0x90</size>
         <input_file_ref idref="fl-3"/>
      </object_component>
      <object_component id="oc-a59">
         <name>.cinit..bss.load</name>
         <load_address>0xe468</load_address>
         <run_address>0xe468</run_address>
         <size>0x6</size>
      </object_component>
      <object_component id="oc-a5a">
         <name>.cinit..leaRAM.load</name>
         <load_address>0xe46e</load_address>
         <run_address>0xe46e</run_address>
         <size>0x6</size>
      </object_component>
      <object_component id="oc-a57">
         <name>__TI_handler_table</name>
         <load_address>0xe474</load_address>
         <run_address>0xe474</run_address>
         <size>0x4</size>
      </object_component>
      <object_component id="oc-a58">
         <name>__TI_cinit_table</name>
         <load_address>0xe478</load_address>
         <run_address>0xe478</run_address>
         <size>0x10</size>
      </object_component>
      <object_component id="oc-9e4">
         <name>.binit</name>
         <load_address>0x4000</load_address>
         <run_address>0x4000</run_address>
         <size>0x0</size>
      </object_component>
      <object_component id="oc-6fa">
         <name>.text:_isr:_c_int00_noargs</name>
         <load_address>0xe400</load_address>
         <run_address>0xe400</run_address>
         <size>0x1c</size>
         <input_file_ref idref="fl-d4"/>
      </object_component>
      <object_component id="oc-6dd">
         <name>.text:_isr:msp_lea_isr</name>
         <load_address>0xe41c</load_address>
         <run_address>0xe41c</run_address>
         <size>0x1c</size>
         <input_file_ref idref="fl-10"/>
      </object_component>
      <object_component id="oc-6e3">
         <name>.text:_isr:__TI_ISR_TRAP</name>
         <load_address>0xe438</load_address>
         <run_address>0xe438</run_address>
         <size>0x8</size>
         <input_file_ref idref="fl-95"/>
      </object_component>
      <object_component id="oc-9ce">
         <name>.const:msp_shift_right_factor_q15</name>
         <load_address>0xe440</load_address>
         <run_address>0xe440</run_address>
         <size>0x20</size>
         <input_file_ref idref="fl-6b"/>
      </object_component>
      <object_component id="oc-89c">
         <name>.const</name>
         <load_address>0xe460</load_address>
         <run_address>0xe460</run_address>
         <size>0x4</size>
         <input_file_ref idref="fl-6f"/>
      </object_component>
      <object_component id="oc-922">
         <name>.const</name>
         <load_address>0xe464</load_address>
         <run_address>0xe464</run_address>
         <size>0x4</size>
         <input_file_ref idref="fl-71"/>
      </object_component>
      <object_component id="oc-7a8">
         <name>.text:apply_model</name>
         <load_address>0x2ef92</load_address>
         <run_address>0x2ef92</run_address>
         <size>0x47a</size>
         <input_file_ref idref="fl-6e"/>
      </object_component>
      <object_component id="oc-9b3">
         <name>.text:msp_shift_q15</name>
         <load_address>0x2f40c</load_address>
         <run_address>0x2f40c</run_address>
         <size>0x1f4</size>
         <input_file_ref idref="fl-6b"/>
      </object_component>
      <object_component id="oc-97d">
         <name>.text:msp_matrix_mpy_q15</name>
         <load_address>0x2f600</load_address>
         <run_address>0x2f600</run_address>
         <size>0x1d8</size>
         <input_file_ref idref="fl-17"/>
      </object_component>
      <object_component id="oc-963">
         <name>.text:filter_im2col</name>
         <load_address>0x2f7d8</load_address>
         <run_address>0x2f7d8</run_address>
         <size>0x1ca</size>
         <input_file_ref idref="fl-71"/>
      </object_component>
      <object_component id="oc-896">
         <name>.text:matrix_multiply_reduce</name>
         <load_address>0x2f9a2</load_address>
         <run_address>0x2f9a2</run_address>
         <size>0x1bc</size>
         <input_file_ref idref="fl-71"/>
      </object_component>
      <object_component id="oc-92b">
         <name>.text:matrix_multiply</name>
         <load_address>0x2fb5e</load_address>
         <run_address>0x2fb5e</run_address>
         <size>0x1b0</size>
         <input_file_ref idref="fl-71"/>
      </object_component>
      <object_component id="oc-8d5">
         <name>.text:filters_sum</name>
         <load_address>0x2fd0e</load_address>
         <run_address>0x2fd0e</run_address>
         <size>0x174</size>
         <input_file_ref idref="fl-6f"/>
      </object_component>
      <object_component id="oc-9d1">
         <name>.text:msp_copy_q15</name>
         <load_address>0x2fe82</load_address>
         <run_address>0x2fe82</run_address>
         <size>0x13e</size>
         <input_file_ref idref="fl-3a"/>
      </object_component>
      <object_component id="oc-83b">
         <name>.text:conv2d</name>
         <load_address>0x2ffc0</load_address>
         <run_address>0x2ffc0</run_address>
         <size>0x11e</size>
         <input_file_ref idref="fl-6f"/>
      </object_component>
      <object_component id="oc-95d">
         <name>.text:padding_same</name>
         <load_address>0x300de</load_address>
         <run_address>0x300de</run_address>
         <size>0xd6</size>
         <input_file_ref idref="fl-6f"/>
      </object_component>
      <object_component id="oc-925">
         <name>.text:matrix_multiply_vanilla</name>
         <load_address>0x301b4</load_address>
         <run_address>0x301b4</run_address>
         <size>0xd4</size>
         <input_file_ref idref="fl-71"/>
      </object_component>
      <object_component id="oc-8ce">
         <name>.text:maxpooling</name>
         <load_address>0x30288</load_address>
         <run_address>0x30288</run_address>
         <size>0xc6</size>
         <input_file_ref idref="fl-6f"/>
      </object_component>
      <object_component id="oc-89f">
         <name>.text:matrix_add</name>
         <load_address>0x3034e</load_address>
         <run_address>0x3034e</run_address>
         <size>0xba</size>
         <input_file_ref idref="fl-71"/>
      </object_component>
      <object_component id="oc-8be">
         <name>.text:fp_tanh</name>
         <load_address>0x30408</load_address>
         <run_address>0x30408</run_address>
         <size>0xa6</size>
         <input_file_ref idref="fl-70"/>
      </object_component>
      <object_component id="oc-835">
         <name>.text:maxpooling_filters</name>
         <load_address>0x304ae</load_address>
         <run_address>0x304ae</run_address>
         <size>0x80</size>
         <input_file_ref idref="fl-6f"/>
      </object_component>
      <object_component id="oc-7dc">
         <name>.text:__TI_auto_init_nobinit_nopinit_hold_wdt:__TI_auto_init_nobinit_nopinit_hold_wdt</name>
         <load_address>0x3052e</load_address>
         <run_address>0x3052e</run_address>
         <size>0x78</size>
         <input_file_ref idref="fl-d7"/>
      </object_component>
      <object_component id="oc-790">
         <name>.text:init_gpio</name>
         <load_address>0x305a6</load_address>
         <run_address>0x305a6</run_address>
         <size>0x6e</size>
         <input_file_ref idref="fl-2"/>
      </object_component>
      <object_component id="oc-82a">
         <name>.text:flatten</name>
         <load_address>0x30614</load_address>
         <run_address>0x30614</run_address>
         <size>0x6c</size>
         <input_file_ref idref="fl-6f"/>
      </object_component>
      <object_component id="oc-983">
         <name>.text:msp_checkStatus</name>
         <load_address>0x30680</load_address>
         <run_address>0x30680</run_address>
         <size>0x60</size>
         <input_file_ref idref="fl-71"/>
      </object_component>
      <object_component id="oc-8a5">
         <name>.text:apply_elementwise</name>
         <load_address>0x306e0</load_address>
         <run_address>0x306e0</run_address>
         <size>0x5e</size>
         <input_file_ref idref="fl-71"/>
      </object_component>
      <object_component id="oc-9bc">
         <name>.text</name>
         <load_address>0x3073e</load_address>
         <run_address>0x3073e</run_address>
         <size>0x58</size>
         <input_file_ref idref="fl-be"/>
      </object_component>
      <object_component id="oc-81e">
         <name>.text:fp_sigmoid</name>
         <load_address>0x30796</load_address>
         <run_address>0x30796</run_address>
         <size>0x54</size>
         <input_file_ref idref="fl-70"/>
      </object_component>
      <object_component id="oc-74d">
         <name>.text:main</name>
         <load_address>0x307ea</load_address>
         <run_address>0x307ea</run_address>
         <size>0x50</size>
         <input_file_ref idref="fl-3"/>
      </object_component>
      <object_component id="oc-9aa">
         <name>.text:msp_lea_init</name>
         <load_address>0x3083a</load_address>
         <run_address>0x3083a</run_address>
         <size>0x4e</size>
         <input_file_ref idref="fl-f"/>
      </object_component>
      <object_component id="oc-7ae">
         <name>.text:argmax</name>
         <load_address>0x30888</load_address>
         <run_address>0x30888</run_address>
         <size>0x46</size>
         <input_file_ref idref="fl-71"/>
      </object_component>
      <object_component id="oc-998">
         <name>.text</name>
         <load_address>0x308ce</load_address>
         <run_address>0x308ce</run_address>
         <size>0x40</size>
         <input_file_ref idref="fl-bb"/>
      </object_component>
      <object_component id="oc-868">
         <name>.text:l_asr_const</name>
         <load_address>0x3090e</load_address>
         <run_address>0x3090e</run_address>
         <size>0x3e</size>
         <input_file_ref idref="fl-d0"/>
      </object_component>
      <object_component id="oc-818">
         <name>.text:dense</name>
         <load_address>0x3094c</load_address>
         <run_address>0x3094c</run_address>
         <size>0x3a</size>
         <input_file_ref idref="fl-6f"/>
      </object_component>
      <object_component id="oc-796">
         <name>.text:init_clock_system</name>
         <load_address>0x30986</load_address>
         <run_address>0x30986</run_address>
         <size>0x3a</size>
         <input_file_ref idref="fl-2"/>
      </object_component>
      <object_component id="oc-989">
         <name>.text:msp_matrix_shift_q15</name>
         <load_address>0x309c0</load_address>
         <run_address>0x309c0</run_address>
         <size>0x32</size>
         <input_file_ref idref="fl-1f"/>
      </object_component>
      <object_component id="oc-8dc">
         <name>.text:fp_leaky_relu</name>
         <load_address>0x309f2</load_address>
         <run_address>0x309f2</run_address>
         <size>0x28</size>
         <input_file_ref idref="fl-70"/>
      </object_component>
      <object_component id="oc-84a">
         <name>.text:dma_load</name>
         <load_address>0x30a1a</load_address>
         <run_address>0x30a1a</run_address>
         <size>0x26</size>
         <input_file_ref idref="fl-71"/>
      </object_component>
      <object_component id="oc-6ee">
         <name>.text:decompress:ZI:__TI_zero_init</name>
         <load_address>0x30a40</load_address>
         <run_address>0x30a40</run_address>
         <size>0x24</size>
         <input_file_ref idref="fl-b9"/>
      </object_component>
      <object_component id="oc-957">
         <name>.text:memset</name>
         <load_address>0x30a64</load_address>
         <run_address>0x30a64</run_address>
         <size>0x20</size>
         <input_file_ref idref="fl-e0"/>
      </object_component>
      <object_component id="oc-94b">
         <name>.text:fp_div</name>
         <load_address>0x30a84</load_address>
         <run_address>0x30a84</run_address>
         <size>0x1e</size>
         <input_file_ref idref="fl-70"/>
      </object_component>
      <object_component id="oc-93a">
         <name>.text:__mpysl</name>
         <load_address>0x30aa2</load_address>
         <run_address>0x30aa2</run_address>
         <size>0x1c</size>
         <input_file_ref idref="fl-c9"/>
      </object_component>
      <object_component id="oc-80d">
         <name>.text</name>
         <load_address>0x30abe</load_address>
         <run_address>0x30abe</run_address>
         <size>0x18</size>
         <input_file_ref idref="fl-c4"/>
      </object_component>
      <object_component id="oc-830">
         <name>.text</name>
         <load_address>0x30ad6</load_address>
         <run_address>0x30ad6</run_address>
         <size>0x16</size>
         <input_file_ref idref="fl-bd"/>
      </object_component>
      <object_component id="oc-8b8">
         <name>.text:fp_mul</name>
         <load_address>0x30aec</load_address>
         <run_address>0x30aec</run_address>
         <size>0x12</size>
         <input_file_ref idref="fl-70"/>
      </object_component>
      <object_component id="oc-945">
         <name>.text:int_to_fp</name>
         <load_address>0x30afe</load_address>
         <run_address>0x30afe</run_address>
         <size>0x10</size>
         <input_file_ref idref="fl-70"/>
      </object_component>
      <object_component id="oc-93f">
         <name>.text:l_asr</name>
         <load_address>0x30b0e</load_address>
         <run_address>0x30b0e</run_address>
         <size>0x10</size>
         <input_file_ref idref="fl-d0"/>
      </object_component>
      <object_component id="oc-993">
         <name>.text:l_lsl</name>
         <load_address>0x30b1e</load_address>
         <run_address>0x30b1e</run_address>
         <size>0x10</size>
         <input_file_ref idref="fl-ce"/>
      </object_component>
      <object_component id="oc-841">
         <name>.text:apply_leakyrelu</name>
         <load_address>0x30b2e</load_address>
         <run_address>0x30b2e</run_address>
         <size>0xc</size>
         <input_file_ref idref="fl-6f"/>
      </object_component>
      <object_component id="oc-8b3">
         <name>.text</name>
         <load_address>0x30b3a</load_address>
         <run_address>0x30b3a</run_address>
         <size>0xa</size>
         <input_file_ref idref="fl-cd"/>
      </object_component>
      <object_component id="oc-824">
         <name>.text:fp_relu</name>
         <load_address>0x30b44</load_address>
         <run_address>0x30b44</run_address>
         <size>0x8</size>
         <input_file_ref idref="fl-70"/>
      </object_component>
      <object_component id="oc-7b8">
         <name>.text:abort</name>
         <load_address>0x30b4c</load_address>
         <run_address>0x30b4c</run_address>
         <size>0x6</size>
         <input_file_ref idref="fl-db"/>
      </object_component>
      <object_component id="oc-8ad">
         <name>.text:fp_neg</name>
         <load_address>0x30b52</load_address>
         <run_address>0x30b52</run_address>
         <size>0x6</size>
         <input_file_ref idref="fl-70"/>
      </object_component>
      <object_component id="oc-747">
         <name>.text:_system_pre_init</name>
         <load_address>0x30b58</load_address>
         <run_address>0x30b58</run_address>
         <size>0x4</size>
         <input_file_ref idref="fl-d9"/>
      </object_component>
      <object_component id="oc-8c4">
         <name>.text:fp_add</name>
         <load_address>0x30b5c</load_address>
         <run_address>0x30b5c</run_address>
         <size>0x4</size>
         <input_file_ref idref="fl-70"/>
      </object_component>
      <object_component id="oc-86d">
         <name>.text:_system_post_cinit</name>
         <load_address>0x30b60</load_address>
         <run_address>0x30b60</run_address>
         <size>0x2</size>
         <input_file_ref idref="fl-d8"/>
      </object_component>
      <object_component id="oc-812">
         <name>.text:fp_linear</name>
         <load_address>0x30b62</load_address>
         <run_address>0x30b62</run_address>
         <size>0x2</size>
         <input_file_ref idref="fl-70"/>
      </object_component>
      <object_component id="oc-7b4">
         <name>.bss</name>
         <uninitialized>true</uninitialized>
         <run_address>0x1c10</run_address>
         <size>0x2</size>
         <input_file_ref idref="fl-3"/>
      </object_component>
      <object_component id="oc-79c">
         <name>.bss:inputFeatures</name>
         <uninitialized>true</uninitialized>
         <run_address>0x1c00</run_address>
         <size>0x8</size>
         <input_file_ref idref="fl-3"/>
      </object_component>
      <object_component id="oc-7a2">
         <name>.bss:outputLabels</name>
         <uninitialized>true</uninitialized>
         <run_address>0x1c08</run_address>
         <size>0x8</size>
         <input_file_ref idref="fl-3"/>
      </object_component>
      <object_component id="oc-9a9">
         <name>.common:msp_lea_locked</name>
         <uninitialized>true</uninitialized>
         <run_address>0x1c14</run_address>
         <size>0x2</size>
      </object_component>
      <object_component id="oc-735">
         <name>.common:msp_lea_ifg</name>
         <uninitialized>true</uninitialized>
         <run_address>0x1c12</run_address>
         <size>0x2</size>
      </object_component>
      <object_component id="oc-6c1">
         <name>.stack</name>
         <uninitialized>true</uninitialized>
         <run_address>0x2b60</run_address>
         <size>0x4</size>
         <input_file_ref idref="fl-d4"/>
      </object_component>
      <object_component id="oc-a5b">
         <name>.stack</name>
         <uninitialized>true</uninitialized>
         <run_address>0x2b60</run_address>
         <size>0x0</size>
      </object_component>
      <object_component id="oc-97a">
         <name>.leaRAM</name>
         <uninitialized>true</uninitialized>
         <run_address>0x2c00</run_address>
         <size>0xec8</size>
         <input_file_ref idref="fl-71"/>
      </object_component>
      <object_component id="oc-90">
         <name>.int18</name>
         <load_address>0xffb4</load_address>
         <run_address>0xffb4</run_address>
         <size>0x2</size>
         <input_file_ref idref="fl-10"/>
      </object_component>
      <object_component id="oc-91">
         <name>.int19</name>
         <load_address>0xffb6</load_address>
         <run_address>0xffb6</run_address>
         <size>0x2</size>
         <input_file_ref idref="fl-94"/>
      </object_component>
      <object_component id="oc-92">
         <name>.int20</name>
         <load_address>0xffb8</load_address>
         <run_address>0xffb8</run_address>
         <size>0x2</size>
         <input_file_ref idref="fl-96"/>
      </object_component>
      <object_component id="oc-93">
         <name>.int21</name>
         <load_address>0xffba</load_address>
         <run_address>0xffba</run_address>
         <size>0x2</size>
         <input_file_ref idref="fl-97"/>
      </object_component>
      <object_component id="oc-94">
         <name>.int22</name>
         <load_address>0xffbc</load_address>
         <run_address>0xffbc</run_address>
         <size>0x2</size>
         <input_file_ref idref="fl-98"/>
      </object_component>
      <object_component id="oc-95">
         <name>.int23</name>
         <load_address>0xffbe</load_address>
         <run_address>0xffbe</run_address>
         <size>0x2</size>
         <input_file_ref idref="fl-99"/>
      </object_component>
      <object_component id="oc-96">
         <name>.int24</name>
         <load_address>0xffc0</load_address>
         <run_address>0xffc0</run_address>
         <size>0x2</size>
         <input_file_ref idref="fl-9a"/>
      </object_component>
      <object_component id="oc-97">
         <name>.int25</name>
         <load_address>0xffc2</load_address>
         <run_address>0xffc2</run_address>
         <size>0x2</size>
         <input_file_ref idref="fl-9b"/>
      </object_component>
      <object_component id="oc-98">
         <name>.int26</name>
         <load_address>0xffc4</load_address>
         <run_address>0xffc4</run_address>
         <size>0x2</size>
         <input_file_ref idref="fl-9c"/>
      </object_component>
      <object_component id="oc-99">
         <name>.int27</name>
         <load_address>0xffc6</load_address>
         <run_address>0xffc6</run_address>
         <size>0x2</size>
         <input_file_ref idref="fl-9d"/>
      </object_component>
      <object_component id="oc-9a">
         <name>.int28</name>
         <load_address>0xffc8</load_address>
         <run_address>0xffc8</run_address>
         <size>0x2</size>
         <input_file_ref idref="fl-9e"/>
      </object_component>
      <object_component id="oc-9b">
         <name>.int29</name>
         <load_address>0xffca</load_address>
         <run_address>0xffca</run_address>
         <size>0x2</size>
         <input_file_ref idref="fl-9f"/>
      </object_component>
      <object_component id="oc-9c">
         <name>.int30</name>
         <load_address>0xffcc</load_address>
         <run_address>0xffcc</run_address>
         <size>0x2</size>
         <input_file_ref idref="fl-a0"/>
      </object_component>
      <object_component id="oc-9d">
         <name>.int31</name>
         <load_address>0xffce</load_address>
         <run_address>0xffce</run_address>
         <size>0x2</size>
         <input_file_ref idref="fl-a1"/>
      </object_component>
      <object_component id="oc-9e">
         <name>.int32</name>
         <load_address>0xffd0</load_address>
         <run_address>0xffd0</run_address>
         <size>0x2</size>
         <input_file_ref idref="fl-a2"/>
      </object_component>
      <object_component id="oc-9f">
         <name>.int33</name>
         <load_address>0xffd2</load_address>
         <run_address>0xffd2</run_address>
         <size>0x2</size>
         <input_file_ref idref="fl-a3"/>
      </object_component>
      <object_component id="oc-a0">
         <name>.int34</name>
         <load_address>0xffd4</load_address>
         <run_address>0xffd4</run_address>
         <size>0x2</size>
         <input_file_ref idref="fl-a4"/>
      </object_component>
      <object_component id="oc-a1">
         <name>.int35</name>
         <load_address>0xffd6</load_address>
         <run_address>0xffd6</run_address>
         <size>0x2</size>
         <input_file_ref idref="fl-a5"/>
      </object_component>
      <object_component id="oc-a2">
         <name>.int36</name>
         <load_address>0xffd8</load_address>
         <run_address>0xffd8</run_address>
         <size>0x2</size>
         <input_file_ref idref="fl-a6"/>
      </object_component>
      <object_component id="oc-a3">
         <name>.int37</name>
         <load_address>0xffda</load_address>
         <run_address>0xffda</run_address>
         <size>0x2</size>
         <input_file_ref idref="fl-a7"/>
      </object_component>
      <object_component id="oc-a4">
         <name>.int38</name>
         <load_address>0xffdc</load_address>
         <run_address>0xffdc</run_address>
         <size>0x2</size>
         <input_file_ref idref="fl-a8"/>
      </object_component>
      <object_component id="oc-a5">
         <name>.int39</name>
         <load_address>0xffde</load_address>
         <run_address>0xffde</run_address>
         <size>0x2</size>
         <input_file_ref idref="fl-a9"/>
      </object_component>
      <object_component id="oc-a6">
         <name>.int40</name>
         <load_address>0xffe0</load_address>
         <run_address>0xffe0</run_address>
         <size>0x2</size>
         <input_file_ref idref="fl-aa"/>
      </object_component>
      <object_component id="oc-a7">
         <name>.int41</name>
         <load_address>0xffe2</load_address>
         <run_address>0xffe2</run_address>
         <size>0x2</size>
         <input_file_ref idref="fl-ab"/>
      </object_component>
      <object_component id="oc-a8">
         <name>.int42</name>
         <load_address>0xffe4</load_address>
         <run_address>0xffe4</run_address>
         <size>0x2</size>
         <input_file_ref idref="fl-ac"/>
      </object_component>
      <object_component id="oc-a9">
         <name>.int43</name>
         <load_address>0xffe6</load_address>
         <run_address>0xffe6</run_address>
         <size>0x2</size>
         <input_file_ref idref="fl-ad"/>
      </object_component>
      <object_component id="oc-aa">
         <name>.int44</name>
         <load_address>0xffe8</load_address>
         <run_address>0xffe8</run_address>
         <size>0x2</size>
         <input_file_ref idref="fl-ae"/>
      </object_component>
      <object_component id="oc-ab">
         <name>.int45</name>
         <load_address>0xffea</load_address>
         <run_address>0xffea</run_address>
         <size>0x2</size>
         <input_file_ref idref="fl-af"/>
      </object_component>
      <object_component id="oc-ac">
         <name>.int46</name>
         <load_address>0xffec</load_address>
         <run_address>0xffec</run_address>
         <size>0x2</size>
         <input_file_ref idref="fl-b0"/>
      </object_component>
      <object_component id="oc-ad">
         <name>.int47</name>
         <load_address>0xffee</load_address>
         <run_address>0xffee</run_address>
         <size>0x2</size>
         <input_file_ref idref="fl-b1"/>
      </object_component>
      <object_component id="oc-ae">
         <name>.int48</name>
         <load_address>0xfff0</load_address>
         <run_address>0xfff0</run_address>
         <size>0x2</size>
         <input_file_ref idref="fl-b2"/>
      </object_component>
      <object_component id="oc-af">
         <name>.int49</name>
         <load_address>0xfff2</load_address>
         <run_address>0xfff2</run_address>
         <size>0x2</size>
         <input_file_ref idref="fl-b3"/>
      </object_component>
      <object_component id="oc-b0">
         <name>.int50</name>
         <load_address>0xfff4</load_address>
         <run_address>0xfff4</run_address>
         <size>0x2</size>
         <input_file_ref idref="fl-b4"/>
      </object_component>
      <object_component id="oc-b1">
         <name>.int51</name>
         <load_address>0xfff6</load_address>
         <run_address>0xfff6</run_address>
         <size>0x2</size>
         <input_file_ref idref="fl-b5"/>
      </object_component>
      <object_component id="oc-b2">
         <name>.int52</name>
         <load_address>0xfff8</load_address>
         <run_address>0xfff8</run_address>
         <size>0x2</size>
         <input_file_ref idref="fl-b6"/>
      </object_component>
      <object_component id="oc-b3">
         <name>.int53</name>
         <load_address>0xfffa</load_address>
         <run_address>0xfffa</run_address>
         <size>0x2</size>
         <input_file_ref idref="fl-b7"/>
      </object_component>
      <object_component id="oc-b4">
         <name>.int54</name>
         <load_address>0xfffc</load_address>
         <run_address>0xfffc</run_address>
         <size>0x2</size>
         <input_file_ref idref="fl-b8"/>
      </object_component>
      <object_component id="oc-6c4">
         <name>.reset</name>
         <load_address>0xfffe</load_address>
         <run_address>0xfffe</run_address>
         <size>0x2</size>
         <input_file_ref idref="fl-d4"/>
      </object_component>
      <object_component id="oc-807">
         <name>.TI.bound:MODEL_ARRAY_OUTPUT</name>
         <load_address>0x10000</load_address>
         <run_address>0x10000</run_address>
         <size>0x8000</size>
         <input_file_ref idref="fl-6e"/>
      </object_component>
      <object_component id="oc-80a">
         <name>.TI.bound:MODEL_ARRAY</name>
         <load_address>0x18000</load_address>
         <run_address>0x18000</run_address>
         <size>0x16f92</size>
         <input_file_ref idref="fl-6e"/>
      </object_component>
      <object_component id="oc-791">
         <name>.debug_info</name>
         <load_address>0x0</load_address>
         <run_address>0x0</run_address>
         <size>0x113</size>
         <input_file_ref idref="fl-2"/>
      </object_component>
      <object_component id="oc-797">
         <name>.debug_info</name>
         <load_address>0x113</load_address>
         <run_address>0x113</run_address>
         <size>0x123</size>
         <input_file_ref idref="fl-2"/>
      </object_component>
      <object_component id="oc-6cb">
         <name>.debug_info</name>
         <load_address>0x236</load_address>
         <run_address>0x236</run_address>
         <size>0x84</size>
         <input_file_ref idref="fl-2"/>
      </object_component>
      <object_component id="oc-7f7">
         <name>.debug_info</name>
         <load_address>0x2ba</load_address>
         <run_address>0x2ba</run_address>
         <size>0x298</size>
         <input_file_ref idref="fl-3"/>
      </object_component>
      <object_component id="oc-7a0">
         <name>.debug_info</name>
         <load_address>0x552</load_address>
         <run_address>0x552</run_address>
         <size>0xee</size>
         <input_file_ref idref="fl-3"/>
      </object_component>
      <object_component id="oc-7a6">
         <name>.debug_info</name>
         <load_address>0x640</load_address>
         <run_address>0x640</run_address>
         <size>0xf0</size>
         <input_file_ref idref="fl-3"/>
      </object_component>
      <object_component id="oc-7b5">
         <name>.debug_info</name>
         <load_address>0x730</load_address>
         <run_address>0x730</run_address>
         <size>0xe0</size>
         <input_file_ref idref="fl-3"/>
      </object_component>
      <object_component id="oc-79d">
         <name>.debug_info</name>
         <load_address>0x810</load_address>
         <run_address>0x810</run_address>
         <size>0xf0</size>
         <input_file_ref idref="fl-3"/>
      </object_component>
      <object_component id="oc-7a3">
         <name>.debug_info</name>
         <load_address>0x900</load_address>
         <run_address>0x900</run_address>
         <size>0xee</size>
         <input_file_ref idref="fl-3"/>
      </object_component>
      <object_component id="oc-74f">
         <name>.debug_info</name>
         <load_address>0x9ee</load_address>
         <run_address>0x9ee</run_address>
         <size>0x150</size>
         <input_file_ref idref="fl-3"/>
      </object_component>
      <object_component id="oc-774">
         <name>.debug_info</name>
         <load_address>0xb3e</load_address>
         <run_address>0xb3e</run_address>
         <size>0xc4</size>
         <input_file_ref idref="fl-3"/>
      </object_component>
      <object_component id="oc-77e">
         <name>.debug_info</name>
         <load_address>0xc02</load_address>
         <run_address>0xc02</run_address>
         <size>0x26b</size>
         <input_file_ref idref="fl-3"/>
      </object_component>
      <object_component id="oc-9c9">
         <name>.debug_info</name>
         <load_address>0xe6d</load_address>
         <run_address>0xe6d</run_address>
         <size>0x1027</size>
         <input_file_ref idref="fl-3"/>
      </object_component>
      <object_component id="oc-779">
         <name>.debug_info</name>
         <load_address>0x1e94</load_address>
         <run_address>0x1e94</run_address>
         <size>0x8b</size>
         <input_file_ref idref="fl-3"/>
      </object_component>
      <object_component id="oc-788">
         <name>.debug_info</name>
         <load_address>0x1f1f</load_address>
         <run_address>0x1f1f</run_address>
         <size>0x282</size>
         <input_file_ref idref="fl-3"/>
      </object_component>
      <object_component id="oc-739">
         <name>.debug_info</name>
         <load_address>0x21a1</load_address>
         <run_address>0x21a1</run_address>
         <size>0xbb</size>
         <input_file_ref idref="fl-3"/>
      </object_component>
      <object_component id="oc-7fc">
         <name>.debug_info</name>
         <load_address>0x225c</load_address>
         <run_address>0x225c</run_address>
         <size>0x83</size>
         <input_file_ref idref="fl-3"/>
      </object_component>
      <object_component id="oc-8ef">
         <name>.debug_info</name>
         <load_address>0x22df</load_address>
         <run_address>0x22df</run_address>
         <size>0x972</size>
         <input_file_ref idref="fl-3"/>
      </object_component>
      <object_component id="oc-783">
         <name>.debug_info</name>
         <load_address>0x2c51</load_address>
         <run_address>0x2c51</run_address>
         <size>0x7da</size>
         <input_file_ref idref="fl-3"/>
      </object_component>
      <object_component id="oc-8ea">
         <name>.debug_info</name>
         <load_address>0x342b</load_address>
         <run_address>0x342b</run_address>
         <size>0x43a</size>
         <input_file_ref idref="fl-3"/>
      </object_component>
[...]
      </symbol>
      <symbol id="sm-608">
         <name>fram_ipe_start</name>
         <value>0xe400</value>
      </symbol>
      <symbol id="sm-609">
         <name>fram_ipe_end</name>
         <value>0xe400</value>
      </symbol>
      <symbol id="sm-60a">
         <name>fram_rx_start</name>
         <value>0xe400</value>
      </symbol>
      <symbol id="sm-60b">
         <name>__TI_CINIT_Base</name>
         <value>0xe478</value>
      </symbol>
      <symbol id="sm-60c">
         <name>__TI_CINIT_Limit</name>
         <value>0xe488</value>
      </symbol>
      <symbol id="sm-60d">
         <name>__TI_CINIT_Warm</name>
         <value>0xe488</value>
      </symbol>
      <symbol id="sm-60e">
         <name>__TI_Handler_Table_Base</name>
         <value>0xe474</value>
      </symbol>
      <symbol id="sm-60f">
         <name>__TI_Handler_Table_Limit</name>
         <value>0xe478</value>
      </symbol>
      <symbol id="sm-610">
         <name>__STACK_SIZE</name>
         <value>0xa0</value>
      </symbol>
      <symbol id="sm-611">
         <name>__STACK_END</name>
         <value>0x2c00</value>
      </symbol>
      <symbol id="sm-612">
         <name>__c_args__</name>
         <value>0xffffffff</value>
      </symbol>
      <symbol id="sm-613">
         <name>__TI_pprof_out_hndl</name>
         <value>0xffffffff</value>
      </symbol>
      <symbol id="sm-614">
         <name>__TI_prof_data_start</name>
         <value>0xffffffff</value>
      </symbol>
      <symbol id="sm-615">
         <name>__TI_prof_data_size</name>
         <value>0xffffffff</value>
      </symbol>
      <symbol id="sm-68d">
         <name>init_gpio</name>
         <value>0x305a6</value>
         <object_component_ref idref="oc-790"/>
      </symbol>
      <symbol id="sm-68e">
         <name>init_clock_system</name>
         <value>0x30986</value>
         <object_component_ref idref="oc-796"/>
      </symbol>
      <symbol id="sm-6ef">
         <name>main</name>
         <value>0x307ea</value>
         <object_component_ref idref="oc-74d"/>
      </symbol>
      <symbol id="sm-6ff">
         <name>msp_lea_locked</name>
         <value>0x1c14</value>
      </symbol>
      <symbol id="sm-700">
         <name>msp_lea_ifg</name>
         <value>0x1c12</value>
      </symbol>
      <symbol id="sm-709">
         <name>msp_lea_init</name>
         <value>0x3083a</value>
         <object_component_ref idref="oc-9aa"/>
      </symbol>
      <symbol id="sm-713">
         <name>__TI_int18</name>
         <value>0xffb4</value>
         <object_component_ref idref="oc-90"/>
      </symbol>
      <symbol id="sm-714">
         <name>msp_lea_isr</name>
         <value>0xe41c</value>
         <object_component_ref idref="oc-6dd"/>
      </symbol>
      <symbol id="sm-738">
         <name>msp_matrix_mpy_q15</name>
         <value>0x2f600</value>
         <object_component_ref idref="oc-97d"/>
      </symbol>
      <symbol id="sm-74b">
         <name>msp_matrix_shift_q15</name>
         <value>0x309c0</value>
         <object_component_ref idref="oc-989"/>
      </symbol>
      <symbol id="sm-77c">
         <name>msp_copy_q15</name>
         <value>0x2fe82</value>
         <object_component_ref idref="oc-9d1"/>
      </symbol>
      <symbol id="sm-7d1">
         <name>msp_shift_q15</name>
         <value>0x2f40c</value>
         <object_component_ref idref="oc-9b3"/>
      </symbol>
      <symbol id="sm-7d2">
         <name>msp_shift_right_factor_q15</name>
         <value>0xe440</value>
         <object_component_ref idref="oc-9ce"/>
      </symbol>
      <symbol id="sm-802">
         <name>apply_model</name>
         <value>0x2ef92</value>
         <object_component_ref idref="oc-7a8"/>
      </symbol>
      <symbol id="sm-86e">
         <name>flatten</name>
         <value>0x30614</value>
         <object_component_ref idref="oc-82a"/>
      </symbol>
      <symbol id="sm-86f">
         <name>apply_leakyrelu</name>
         <value>0x30b2e</value>
         <object_component_ref idref="oc-841"/>
      </symbol>
      <symbol id="sm-870">
         <name>conv2d</name>
         <value>0x2ffc0</value>
         <object_component_ref idref="oc-83b"/>
      </symbol>
      <symbol id="sm-871">
         <name>maxpooling</name>
         <value>0x30288</value>
         <object_component_ref idref="oc-8ce"/>
      </symbol>
      <symbol id="sm-872">
         <name>dense</name>
         <value>0x3094c</value>
         <object_component_ref idref="oc-818"/>
      </symbol>
      <symbol id="sm-873">
         <name>maxpooling_filters</name>
         <value>0x304ae</value>
         <object_component_ref idref="oc-835"/>
      </symbol>
      <symbol id="sm-874">
         <name>filters_sum</name>
         <value>0x2fd0e</value>
         <object_component_ref idref="oc-8d5"/>
      </symbol>
      <symbol id="sm-875">
         <name>padding_same</name>
         <value>0x300de</value>
         <object_component_ref idref="oc-95d"/>
      </symbol>
      <symbol id="sm-8c5">
         <name>fp_div</name>
         <value>0x30a84</value>
         <object_component_ref idref="oc-94b"/>
      </symbol>
      <symbol id="sm-8c6">
         <name>fp_add</name>
         <value>0x30b5c</value>
         <object_component_ref idref="oc-8c4"/>
      </symbol>
      <symbol id="sm-8c7">
         <name>fp_sigmoid</name>
         <value>0x30796</value>
         <object_component_ref idref="oc-81e"/>
      </symbol>
      <symbol id="sm-8c8">
         <name>fp_mul</name>
         <value>0x30aec</value>
         <object_component_ref idref="oc-8b8"/>
      </symbol>
      <symbol id="sm-8c9">
         <name>fp_tanh</name>
         <value>0x30408</value>
         <object_component_ref idref="oc-8be"/>
      </symbol>
      <symbol id="sm-8ca">
         <name>fp_neg</name>
         <value>0x30b52</value>
         <object_component_ref idref="oc-8ad"/>
      </symbol>
      <symbol id="sm-8cb">
         <name>fp_linear</name>
         <value>0x30b62</value>
         <object_component_ref idref="oc-812"/>
      </symbol>
      <symbol id="sm-8cc">
         <name>fp_leaky_relu</name>
         <value>0x309f2</value>
         <object_component_ref idref="oc-8dc"/>
      </symbol>
      <symbol id="sm-8cd">
         <name>fp_relu</name>
         <value>0x30b44</value>
         <object_component_ref idref="oc-824"/>
      </symbol>
      <symbol id="sm-8ce">
         <name>int_to_fp</name>
         <value>0x30afe</value>
         <object_component_ref idref="oc-945"/>
      </symbol>
      <symbol id="sm-969">
         <name>apply_elementwise</name>
         <value>0x306e0</value>
         <object_component_ref idref="oc-8a5"/>
      </symbol>
      <symbol id="sm-96a">
         <name>dma_load</name>
         <value>0x30a1a</value>
         <object_component_ref idref="oc-84a"/>
      </symbol>
      <symbol id="sm-96b">
         <name>filter_im2col</name>
         <value>0x2f7d8</value>
         <object_component_ref idref="oc-963"/>
      </symbol>
      <symbol id="sm-96c">
         <name>matrix_multiply_vanilla</name>
         <value>0x301b4</value>
         <object_component_ref idref="oc-925"/>
      </symbol>
      <symbol id="sm-96d">
         <name>matrix_add</name>
         <value>0x3034e</value>
         <object_component_ref idref="oc-89f"/>
      </symbol>
      <symbol id="sm-96e">
         <name>matrix_multiply</name>
         <value>0x2fb5e</value>
         <object_component_ref idref="oc-92b"/>
      </symbol>
      <symbol id="sm-96f">
         <name>argmax</name>
         <value>0x30888</value>
         <object_component_ref idref="oc-7ae"/>
      </symbol>
      <symbol id="sm-970">
         <name>matrix_multiply_reduce</name>
         <value>0x2f9a2</value>
         <object_component_ref idref="oc-896"/>
      </symbol>
      <symbol id="sm-975">
         <name>__TI_int19</name>
         <value>0xffb6</value>
         <object_component_ref idref="oc-91"/>
      </symbol>
      <symbol id="sm-97d">
         <name>__TI_ISR_TRAP</name>
         <value>0xe438</value>
         <object_component_ref idref="oc-6e3"/>
      </symbol>
      <symbol id="sm-980">
         <name>__TI_int20</name>
         <value>0xffb8</value>
         <object_component_ref idref="oc-92"/>
      </symbol>
      <symbol id="sm-983">
         <name>__TI_int21</name>
         <value>0xffba</value>
         <object_component_ref idref="oc-93"/>
      </symbol>
      <symbol id="sm-986">
         <name>__TI_int22</name>
         <value>0xffbc</value>
         <object_component_ref idref="oc-94"/>
      </symbol>
      <symbol id="sm-989">
         <name>__TI_int23</name>
         <value>0xffbe</value>
         <object_component_ref idref="oc-95"/>
      </symbol>
      <symbol id="sm-98c">
         <name>__TI_int24</name>
         <value>0xffc0</value>
         <object_component_ref idref="oc-96"/>
      </symbol>
      <symbol id="sm-98f">
         <name>__TI_int25</name>
         <value>0xffc2</value>
         <object_component_ref idref="oc-97"/>
      </symbol>
      <symbol id="sm-992">
         <name>__TI_int26</name>
         <value>0xffc4</value>
         <object_component_ref idref="oc-98"/>
      </symbol>
      <symbol id="sm-995">
         <name>__TI_int27</name>
         <value>0xffc6</value>
         <object_component_ref idref="oc-99"/>
      </symbol>
      <symbol id="sm-998">
         <name>__TI_int28</name>
         <value>0xffc8</value>
         <object_component_ref idref="oc-9a"/>
      </symbol>
      <symbol id="sm-99b">
         <name>__TI_int29</name>
         <value>0xffca</value>
         <object_component_ref idref="oc-9b"/>
      </symbol>
      <symbol id="sm-99e">
         <name>__TI_int30</name>
         <value>0xffcc</value>
         <object_component_ref idref="oc-9c"/>
      </symbol>
      <symbol id="sm-9a1">
         <name>__TI_int31</name>
         <value>0xffce</value>
         <object_component_ref idref="oc-9d"/>
      </symbol>
      <symbol id="sm-9a4">
         <name>__TI_int32</name>
         <value>0xffd0</value>
         <object_component_ref idref="oc-9e"/>
      </symbol>
      <symbol id="sm-9a7">
         <name>__TI_int33</name>
         <value>0xffd2</value>
         <object_component_ref idref="oc-9f"/>
      </symbol>
      <symbol id="sm-9aa">
         <name>__TI_int34</name>
         <value>0xffd4</value>
         <object_component_ref idref="oc-a0"/>
      </symbol>
      <symbol id="sm-9ad">
         <name>__TI_int35</name>
         <value>0xffd6</value>
         <object_component_ref idref="oc-a1"/>
      </symbol>
      <symbol id="sm-9b0">
         <name>__TI_int36</name>
         <value>0xffd8</value>
         <object_component_ref idref="oc-a2"/>
      </symbol>
      <symbol id="sm-9b3">
         <name>__TI_int37</name>
         <value>0xffda</value>
         <object_component_ref idref="oc-a3"/>
      </symbol>
      <symbol id="sm-9b6">
         <name>__TI_int38</name>
         <value>0xffdc</value>
         <object_component_ref idref="oc-a4"/>
      </symbol>
      <symbol id="sm-9b9">
         <name>__TI_int39</name>
         <value>0xffde</value>
         <object_component_ref idref="oc-a5"/>
      </symbol>
      <symbol id="sm-9bc">
         <name>__TI_int40</name>
         <value>0xffe0</value>
         <object_component_ref idref="oc-a6"/>
      </symbol>
      <symbol id="sm-9bf">
         <name>__TI_int41</name>
         <value>0xffe2</value>
         <object_component_ref idref="oc-a7"/>
      </symbol>
      <symbol id="sm-9c2">
         <name>__TI_int42</name>
         <value>0xffe4</value>
         <object_component_ref idref="oc-a8"/>
      </symbol>
      <symbol id="sm-9c5">
         <name>__TI_int43</name>
         <value>0xffe6</value>
         <object_component_ref idref="oc-a9"/>
      </symbol>
      <symbol id="sm-9c8">
         <name>__TI_int44</name>
         <value>0xffe8</value>
         <object_component_ref idref="oc-aa"/>
      </symbol>
      <symbol id="sm-9cb">
         <name>__TI_int45</name>
         <value>0xffea</value>
         <object_component_ref idref="oc-ab"/>
      </symbol>
      <symbol id="sm-9ce">
         <name>__TI_int46</name>
         <value>0xffec</value>
         <object_component_ref idref="oc-ac"/>
      </symbol>
      <symbol id="sm-9d1">
         <name>__TI_int47</name>
         <value>0xffee</value>
         <object_component_ref idref="oc-ad"/>
      </symbol>
      <symbol id="sm-9d4">
         <name>__TI_int48</name>
         <value>0xfff0</value>
         <object_component_ref idref="oc-ae"/>
      </symbol>
      <symbol id="sm-9d7">
         <name>__TI_int49</name>
         <value>0xfff2</value>
         <object_component_ref idref="oc-af"/>
      </symbol>
      <symbol id="sm-9da">
         <name>__TI_int50</name>
         <value>0xfff4</value>
         <object_component_ref idref="oc-b0"/>
      </symbol>
      <symbol id="sm-9dd">
         <name>__TI_int51</name>
         <value>0xfff6</value>
         <object_component_ref idref="oc-b1"/>
      </symbol>
      <symbol id="sm-9e0">
         <name>__TI_int52</name>
         <value>0xfff8</value>
         <object_component_ref idref="oc-b2"/>
      </symbol>
      <symbol id="sm-9e3">
         <name>__TI_int53</name>
         <value>0xfffa</value>
         <object_component_ref idref="oc-b3"/>
      </symbol>
      <symbol id="sm-9e6">
         <name>__TI_int54</name>
         <value>0xfffc</value>
         <object_component_ref idref="oc-b4"/>
      </symbol>
      <symbol id="sm-9f9">
         <name>__TI_zero_init</name>
         <value>0x30a40</value>
         <object_component_ref idref="oc-6ee"/>
      </symbol>
      <symbol id="sm-a06">
         <name>__mspabi_remli</name>
         <value>0x308ce</value>
         <object_component_ref idref="oc-998"/>
      </symbol>
      <symbol id="sm-a07">
         <name>__mspabi_divli</name>
         <value>0x308ce</value>
         <object_component_ref idref="oc-998"/>
      </symbol>
      <symbol id="sm-a12">
         <name>__mspabi_remu</name>
         <value>0x30ad6</value>
         <object_component_ref idref="oc-830"/>
      </symbol>
      <symbol id="sm-a13">
         <name>__mspabi_divu</name>
         <value>0x30ad6</value>
         <object_component_ref idref="oc-830"/>
      </symbol>
      <symbol id="sm-a21">
         <name>__mspabi_remul</name>
         <value>0x3073e</value>
         <object_component_ref idref="oc-9bc"/>
      </symbol>
      <symbol id="sm-a22">
         <name>__mspabi_divul</name>
         <value>0x3073e</value>
         <object_component_ref idref="oc-9bc"/>
      </symbol>
      <symbol id="sm-a2f">
         <name>__mspabi_mpyi_f5hw</name>
         <value>0x30abe</value>
         <object_component_ref idref="oc-80d"/>
      </symbol>
      <symbol id="sm-a3b">
         <name>__mspabi_mpysl_f5hw</name>
         <value>0x30aa2</value>
         <object_component_ref idref="oc-93a"/>
      </symbol>
      <symbol id="sm-a47">
         <name>__mspabi_slli</name>
         <value>0x30b3a</value>
         <object_component_ref idref="oc-8b3"/>
      </symbol>
      <symbol id="sm-a51">
         <name>__mspabi_slll</name>
         <value>0x30b1e</value>
         <object_component_ref idref="oc-993"/>
      </symbol>
      <symbol id="sm-a62">
         <name>__mspabi_sral</name>
         <value>0x30b0e</value>
         <object_component_ref idref="oc-93f"/>
      </symbol>
      <symbol id="sm-a63">
         <name>__mspabi_sral_15</name>
         <value>0x3090e</value>
         <object_component_ref idref="oc-868"/>
      </symbol>
      <symbol id="sm-a64">
         <name>__mspabi_sral_14</name>
         <value>0x30912</value>
         <object_component_ref idref="oc-868"/>
      </symbol>
      <symbol id="sm-a65">
         <name>__mspabi_sral_13</name>
         <value>0x30916</value>
         <object_component_ref idref="oc-868"/>
      </symbol>
      <symbol id="sm-a66">
         <name>__mspabi_sral_12</name>
         <value>0x3091a</value>
         <object_component_ref idref="oc-868"/>
      </symbol>
      <symbol id="sm-a67">
         <name>__mspabi_sral_11</name>
         <value>0x3091e</value>
         <object_component_ref idref="oc-868"/>
      </symbol>
      <symbol id="sm-a68">
         <name>__mspabi_sral_10</name>
         <value>0x30922</value>
         <object_component_ref idref="oc-868"/>
      </symbol>
      <symbol id="sm-a69">
         <name>__mspabi_sral_8</name>
         <value>0x3092a</value>
         <object_component_ref idref="oc-868"/>
      </symbol>
      <symbol id="sm-a6a">
         <name>__mspabi_sral_9</name>
         <value>0x30926</value>
         <object_component_ref idref="oc-868"/>
      </symbol>
      <symbol id="sm-a6b">
         <name>__mspabi_sral_6</name>
         <value>0x30932</value>
         <object_component_ref idref="oc-868"/>
      </symbol>
      <symbol id="sm-a6c">
         <name>__mspabi_sral_7</name>
         <value>0x3092e</value>
         <object_component_ref idref="oc-868"/>
      </symbol>
      <symbol id="sm-a6d">
         <name>__mspabi_sral_4</name>
         <value>0x3093a</value>
         <object_component_ref idref="oc-868"/>
      </symbol>
      <symbol id="sm-a6e">
         <name>__mspabi_sral_5</name>
         <value>0x30936</value>
         <object_component_ref idref="oc-868"/>
      </symbol>
      <symbol id="sm-a6f">
         <name>__mspabi_sral_2</name>
         <value>0x30942</value>
         <object_component_ref idref="oc-868"/>
      </symbol>
      <symbol id="sm-a70">
         <name>__mspabi_sral_3</name>
         <value>0x3093e</value>
         <object_component_ref idref="oc-868"/>
      </symbol>
      <symbol id="sm-a71">
         <name>__mspabi_sral_1</name>
         <value>0x30946</value>
         <object_component_ref idref="oc-868"/>
      </symbol>
      <symbol id="sm-a84">
         <name>_stack</name>
         <value>0x2b60</value>
         <object_component_ref idref="oc-6c1"/>
      </symbol>
      <symbol id="sm-a85">
         <name>_c_int00_noargs</name>
         <value>0xe400</value>
         <object_component_ref idref="oc-6fa"/>
      </symbol>
      <symbol id="sm-a86">
         <name>_reset_vector</name>
         <value>0xfffe</value>
         <object_component_ref idref="oc-6c4"/>
      </symbol>
      <symbol id="sm-aaa">
         <name>__TI_auto_init_nobinit_nopinit_hold_wdt</name>
         <value>0x3052e</value>
         <object_component_ref idref="oc-7dc"/>
      </symbol>
      <symbol id="sm-ab3">
         <name>_system_post_cinit</name>
         <value>0x30b60</value>
         <object_component_ref idref="oc-86d"/>
      </symbol>
      <symbol id="sm-abc">
         <name>_system_pre_init</name>
         <value>0x30b58</value>
         <object_component_ref idref="oc-747"/>
      </symbol>
      <symbol id="sm-ac7">
         <name>C$$EXIT</name>
         <value>0x30b4c</value>
         <object_component_ref idref="oc-7b8"/>
      </symbol>
      <symbol id="sm-ac8">
         <name>abort</name>
         <value>0x30b4c</value>
         <object_component_ref idref="oc-7b8"/>
      </symbol>
      <symbol id="sm-ae0">
         <name>memset</name>
         <value>0x30a64</value>
         <object_component_ref idref="oc-957"/>
      </symbol>
   </symbol_table>
   <title>Link successful</title>
</link_info>
